Component: ARM Compiler 5.06 update 7 (build 960) Tool: armlink [4d3601]

==============================================================================

Section Cross References

    startup_stm32l476xx.o(RESET) refers to startup_stm32l476xx.o(STACK) for __initial_sp
    startup_stm32l476xx.o(RESET) refers to startup_stm32l476xx.o(.text) for Reset_Handler
    startup_stm32l476xx.o(RESET) refers to stm32l4xx_it.o(i.NMI_Handler) for NMI_Handler
    startup_stm32l476xx.o(RESET) refers to stm32l4xx_it.o(i.HardFault_Handler) for HardFault_Handler
    startup_stm32l476xx.o(RESET) refers to stm32l4xx_it.o(i.MemManage_Handler) for MemManage_Handler
    startup_stm32l476xx.o(RESET) refers to stm32l4xx_it.o(i.BusFault_Handler) for BusFault_Handler
    startup_stm32l476xx.o(RESET) refers to stm32l4xx_it.o(i.UsageFault_Handler) for UsageFault_Handler
    startup_stm32l476xx.o(RESET) refers to stm32l4xx_it.o(i.SVC_Handler) for SVC_Handler
    startup_stm32l476xx.o(RESET) refers to stm32l4xx_it.o(i.DebugMon_Handler) for DebugMon_Handler
    startup_stm32l476xx.o(RESET) refers to stm32l4xx_it.o(i.PendSV_Handler) for PendSV_Handler
    startup_stm32l476xx.o(RESET) refers to stm32l4xx_it.o(i.SysTick_Handler) for SysTick_Handler
    startup_stm32l476xx.o(.text) refers to system_stm32l4xx.o(i.SystemInit) for SystemInit
    startup_stm32l476xx.o(.text) refers to entry.o(.ARM.Collect$$$$00000000) for __main
    main.o(i.MX_GPIO_Init) refers to memseta.o(.text) for __aeabi_memclr4
    main.o(i.MX_GPIO_Init) refers to stm32l4xx_hal_gpio.o(i.HAL_GPIO_WritePin) for HAL_GPIO_WritePin
    main.o(i.MX_GPIO_Init) refers to stm32l4xx_hal_gpio.o(i.HAL_GPIO_Init) for HAL_GPIO_Init
    main.o(i.MX_I2C1_Init) refers to stm32l4xx_hal_i2c.o(i.HAL_I2C_Init) for HAL_I2C_Init
    main.o(i.MX_I2C1_Init) refers to stm32l4xx_hal_i2c_ex.o(i.HAL_I2CEx_ConfigAnalogFilter) for HAL_I2CEx_ConfigAnalogFilter
    main.o(i.MX_I2C1_Init) refers to stm32l4xx_hal_i2c_ex.o(i.HAL_I2CEx_ConfigDigitalFilter) for HAL_I2CEx_ConfigDigitalFilter
    main.o(i.MX_I2C1_Init) refers to main.o(.bss) for .bss
    main.o(i.MX_USART2_UART_Init) refers to stm32l4xx_hal_uart.o(i.HAL_UART_Init) for HAL_UART_Init
    main.o(i.MX_USART2_UART_Init) refers to main.o(.bss) for .bss
    main.o(i.SystemClock_Config) refers to memseta.o(.text) for __aeabi_memclr4
    main.o(i.SystemClock_Config) refers to stm32l4xx_hal_rcc.o(i.HAL_RCC_OscConfig) for HAL_RCC_OscConfig
    main.o(i.SystemClock_Config) refers to stm32l4xx_hal_rcc.o(i.HAL_RCC_ClockConfig) for HAL_RCC_ClockConfig
    main.o(i.SystemClock_Config) refers to stm32l4xx_hal_rcc_ex.o(i.HAL_RCCEx_PeriphCLKConfig) for HAL_RCCEx_PeriphCLKConfig
    main.o(i.SystemClock_Config) refers to stm32l4xx_hal_pwr_ex.o(i.HAL_PWREx_ControlVoltageScaling) for HAL_PWREx_ControlVoltageScaling
    main.o(i.calculateAccelError) refers to stm32l4xx_hal_i2c.o(i.HAL_I2C_Mem_Read) for HAL_I2C_Mem_Read
    main.o(i.calculateAccelError) refers to strcpy.o(.text) for strcpy
    main.o(i.calculateAccelError) refers to strlen.o(.text) for strlen
    main.o(i.calculateAccelError) refers to stm32l4xx_hal_uart.o(i.HAL_UART_Transmit) for HAL_UART_Transmit
    main.o(i.calculateAccelError) refers to dflti.o(.text) for __aeabi_i2d
    main.o(i.calculateAccelError) refers to dmul.o(.text) for __aeabi_dmul
    main.o(i.calculateAccelError) refers to dadd.o(.text) for __aeabi_dadd
    main.o(i.calculateAccelError) refers to ddiv.o(.text) for __aeabi_ddiv
    main.o(i.calculateAccelError) refers to main.o(.bss) for .bss
    main.o(i.calculateAccelError) refers to main.o(.data) for .data
    main.o(i.configureOLEDDisplay) refers to max30102_for_stm32_hal.o(i.max30102_write) for max30102_write
    main.o(i.configureOLEDDisplay) refers to main.o(.bss) for .bss
    main.o(i.detectPulse) refers to stm32l4xx_hal.o(i.HAL_GetTick) for HAL_GetTick
    main.o(i.detectPulse) refers to f2d.o(.text) for __aeabi_f2d
    main.o(i.detectPulse) refers to printfa.o(i.__0sprintf) for __2sprintf
    main.o(i.detectPulse) refers to strlen.o(.text) for strlen
    main.o(i.detectPulse) refers to stm32l4xx_hal_uart.o(i.HAL_UART_Transmit) for HAL_UART_Transmit
    main.o(i.detectPulse) refers to main.o(.data) for .data
    main.o(i.detectPulse) refers to main.o(.bss) for .bss
    main.o(i.main) refers to stm32l4xx_hal.o(i.HAL_Init) for HAL_Init
    main.o(i.main) refers to main.o(i.SystemClock_Config) for SystemClock_Config
    main.o(i.main) refers to main.o(i.MX_GPIO_Init) for MX_GPIO_Init
    main.o(i.main) refers to main.o(i.MX_I2C1_Init) for MX_I2C1_Init
    main.o(i.main) refers to main.o(i.MX_USART2_UART_Init) for MX_USART2_UART_Init
    main.o(i.main) refers to max30102_for_stm32_hal.o(i.max30102_init) for max30102_init
    main.o(i.main) refers to max30102_for_stm32_hal.o(i.max30102_reset) for max30102_reset
    main.o(i.main) refers to max30102_for_stm32_hal.o(i.max30102_clear_fifo) for max30102_clear_fifo
[...]
    Removing stm32l4xx_hal_pwr_ex.o(i.HAL_PWREx_DisablePVM4), (16 bytes).
    Removing stm32l4xx_hal_pwr_ex.o(i.HAL_PWREx_DisablePullUpPullDownConfig), (16 bytes).
    Removing stm32l4xx_hal_pwr_ex.o(i.HAL_PWREx_DisableSRAM2ContentRetention), (6 bytes).
    Removing stm32l4xx_hal_pwr_ex.o(i.HAL_PWREx_DisableVddIO2), (16 bytes).
    Removing stm32l4xx_hal_pwr_ex.o(i.HAL_PWREx_DisableVddUSB), (16 bytes).
    Removing stm32l4xx_hal_pwr_ex.o(i.HAL_PWREx_EnableBatteryCharging), (28 bytes).
    Removing stm32l4xx_hal_pwr_ex.o(i.HAL_PWREx_EnableGPIOPullDown), (160 bytes).
    Removing stm32l4xx_hal_pwr_ex.o(i.HAL_PWREx_EnableGPIOPullUp), (160 bytes).
    Removing stm32l4xx_hal_pwr_ex.o(i.HAL_PWREx_EnableInternalWakeUpLine), (16 bytes).
    Removing stm32l4xx_hal_pwr_ex.o(i.HAL_PWREx_EnableLowPowerRunMode), (16 bytes).
    Removing stm32l4xx_hal_pwr_ex.o(i.HAL_PWREx_EnablePVM1), (16 bytes).
    Removing stm32l4xx_hal_pwr_ex.o(i.HAL_PWREx_EnablePVM2), (16 bytes).
    Removing stm32l4xx_hal_pwr_ex.o(i.HAL_PWREx_EnablePVM3), (16 bytes).
    Removing stm32l4xx_hal_pwr_ex.o(i.HAL_PWREx_EnablePVM4), (16 bytes).
    Removing stm32l4xx_hal_pwr_ex.o(i.HAL_PWREx_EnablePullUpPullDownConfig), (16 bytes).
    Removing stm32l4xx_hal_pwr_ex.o(i.HAL_PWREx_EnableSRAM2ContentRetention), (8 bytes).
    Removing stm32l4xx_hal_pwr_ex.o(i.HAL_PWREx_EnableVddIO2), (16 bytes).
    Removing stm32l4xx_hal_pwr_ex.o(i.HAL_PWREx_EnableVddUSB), (16 bytes).
    Removing stm32l4xx_hal_pwr_ex.o(i.HAL_PWREx_EnterSHUTDOWNMode), (36 bytes).
    Removing stm32l4xx_hal_pwr_ex.o(i.HAL_PWREx_EnterSTOP0Mode), (52 bytes).
    Removing stm32l4xx_hal_pwr_ex.o(i.HAL_PWREx_EnterSTOP1Mode), (56 bytes).
    Removing stm32l4xx_hal_pwr_ex.o(i.HAL_PWREx_EnterSTOP2Mode), (56 bytes).
    Removing stm32l4xx_hal_pwr_ex.o(i.HAL_PWREx_PVD_PVM_IRQHandler), (88 bytes).
    Removing stm32l4xx_hal_pwr_ex.o(i.HAL_PWREx_PVM1Callback), (2 bytes).
    Removing stm32l4xx_hal_pwr_ex.o(i.HAL_PWREx_PVM2Callback), (2 bytes).
    Removing stm32l4xx_hal_pwr_ex.o(i.HAL_PWREx_PVM3Callback), (2 bytes).
    Removing stm32l4xx_hal_pwr_ex.o(i.HAL_PWREx_PVM4Callback), (2 bytes).
    Removing stm32l4xx_hal_pwr_ex.o(i.HAL_PWREx_SetSRAM2ContentRetention), (40 bytes).
    Removing stm32l4xx_hal_cortex.o(.rev16_text), (4 bytes).
    Removing stm32l4xx_hal_cortex.o(.revsh_text), (4 bytes).
    Removing stm32l4xx_hal_cortex.o(.rrx_text), (6 bytes).
    Removing stm32l4xx_hal_cortex.o(i.HAL_MPU_ConfigRegion), (84 bytes).
    Removing stm32l4xx_hal_cortex.o(i.HAL_MPU_Disable), (16 bytes).
    Removing stm32l4xx_hal_cortex.o(i.HAL_MPU_Enable), (24 bytes).
    Removing stm32l4xx_hal_cortex.o(i.HAL_NVIC_ClearPendingIRQ), (26 bytes).
    Removing stm32l4xx_hal_cortex.o(i.HAL_NVIC_DisableIRQ), (34 bytes).
    Removing stm32l4xx_hal_cortex.o(i.HAL_NVIC_EnableIRQ), (26 bytes).
    Removing stm32l4xx_hal_cortex.o(i.HAL_NVIC_GetActive), (36 bytes).
    Removing stm32l4xx_hal_cortex.o(i.HAL_NVIC_GetPendingIRQ), (36 bytes).
    Removing stm32l4xx_hal_cortex.o(i.HAL_NVIC_GetPriority), (82 bytes).
    Removing stm32l4xx_hal_cortex.o(i.HAL_NVIC_GetPriorityGrouping), (16 bytes).
    Removing stm32l4xx_hal_cortex.o(i.HAL_NVIC_SetPendingIRQ), (26 bytes).
    Removing stm32l4xx_hal_cortex.o(i.HAL_NVIC_SystemReset), (36 bytes).
    Removing stm32l4xx_hal_cortex.o(i.HAL_SYSTICK_CLKSourceConfig), (24 bytes).
    Removing stm32l4xx_hal_cortex.o(i.HAL_SYSTICK_Callback), (2 bytes).
    Removing stm32l4xx_hal_cortex.o(i.HAL_SYSTICK_IRQHandler), (8 bytes).
    Removing stm32l4xx_hal_exti.o(.rev16_text), (4 bytes).
    Removing stm32l4xx_hal_exti.o(.revsh_text), (4 bytes).
    Removing stm32l4xx_hal_exti.o(.rrx_text), (6 bytes).
    Removing stm32l4xx_hal_exti.o(i.HAL_EXTI_ClearConfigLine), (128 bytes).
    Removing stm32l4xx_hal_exti.o(i.HAL_EXTI_ClearPending), (28 bytes).
    Removing stm32l4xx_hal_exti.o(i.HAL_EXTI_GenerateSWI), (28 bytes).
    Removing stm32l4xx_hal_exti.o(i.HAL_EXTI_GetConfigLine), (172 bytes).
    Removing stm32l4xx_hal_exti.o(i.HAL_EXTI_GetHandle), (12 bytes).
    Removing stm32l4xx_hal_exti.o(i.HAL_EXTI_GetPending), (32 bytes).
    Removing stm32l4xx_hal_exti.o(i.HAL_EXTI_IRQHandler), (44 bytes).
    Removing stm32l4xx_hal_exti.o(i.HAL_EXTI_RegisterCallback), (14 bytes).
    Removing stm32l4xx_hal_exti.o(i.HAL_EXTI_SetConfigLine), (176 bytes).
    Removing stm32l4xx_hal_tim.o(.rev16_text), (4 bytes).
    Removing stm32l4xx_hal_tim.o(.revsh_text), (4 bytes).
    Removing stm32l4xx_hal_tim.o(.rrx_text), (6 bytes).
    Removing stm32l4xx_hal_tim_ex.o(.rev16_text), (4 bytes).
    Removing stm32l4xx_hal_tim_ex.o(.revsh_text), (4 bytes).
    Removing stm32l4xx_hal_tim_ex.o(.rrx_text), (6 bytes).
    Removing stm32l4xx_hal_uart.o(.rev16_text), (4 bytes).
    Removing stm32l4xx_hal_uart.o(.revsh_text), (4 bytes).
    Removing stm32l4xx_hal_uart.o(.rrx_text), (6 bytes).
    Removing stm32l4xx_hal_uart.o(i.HAL_HalfDuplex_EnableReceiver), (56 bytes).
    Removing stm32l4xx_hal_uart.o(i.HAL_HalfDuplex_EnableTransmitter), (56 bytes).
    Removing stm32l4xx_hal_uart.o(i.HAL_HalfDuplex_Init), (112 bytes).
    Removing stm32l4xx_hal_uart.o(i.HAL_LIN_Init), (136 bytes).
    Removing stm32l4xx_hal_uart.o(i.HAL_LIN_SendBreak), (46 bytes).
    Removing stm32l4xx_hal_uart.o(i.HAL_MultiProcessor_DisableMuteMode), (40 bytes).
    Removing stm32l4xx_hal_uart.o(i.HAL_MultiProcessor_EnableMuteMode), (40 bytes).
    Removing stm32l4xx_hal_uart.o(i.HAL_MultiProcessor_EnterMuteMode), (12 bytes).
    Removing stm32l4xx_hal_uart.o(i.HAL_MultiProcessor_Init), (134 bytes).
    Removing stm32l4xx_hal_uart.o(i.HAL_UART_Abort), (154 bytes).
    Removing stm32l4xx_hal_uart.o(i.HAL_UART_AbortCpltCallback), (2 bytes).
    Removing stm32l4xx_hal_uart.o(i.HAL_UART_AbortReceive), (104 bytes).
    Removing stm32l4xx_hal_uart.o(i.HAL_UART_AbortReceiveCpltCallback), (2 bytes).
    Removing stm32l4xx_hal_uart.o(i.HAL_UART_AbortReceive_IT), (124 bytes).
    Removing stm32l4xx_hal_uart.o(i.HAL_UART_AbortTransmit), (78 bytes).
    Removing stm32l4xx_hal_uart.o(i.HAL_UART_AbortTransmitCpltCallback), (2 bytes).
    Removing stm32l4xx_hal_uart.o(i.HAL_UART_AbortTransmit_IT), (84 bytes).
    Removing stm32l4xx_hal_uart.o(i.HAL_UART_Abort_IT), (192 bytes).
    Removing stm32l4xx_hal_uart.o(i.HAL_UART_DMAPause), (96 bytes).
    Removing stm32l4xx_hal_uart.o(i.HAL_UART_DMAResume), (88 bytes).
    Removing stm32l4xx_hal_uart.o(i.HAL_UART_DMAStop), (114 bytes).
    Removing stm32l4xx_hal_uart.o(i.HAL_UART_DeInit), (58 bytes).
    Removing stm32l4xx_hal_uart.o(i.HAL_UART_DisableReceiverTimeout), (64 bytes).
    Removing stm32l4xx_hal_uart.o(i.HAL_UART_EnableReceiverTimeout), (64 bytes).
    Removing stm32l4xx_hal_uart.o(i.HAL_UART_ErrorCallback), (2 bytes).
    Removing stm32l4xx_hal_uart.o(i.HAL_UART_GetError), (4 bytes).
    Removing stm32l4xx_hal_uart.o(i.HAL_UART_GetState), (10 bytes).
    Removing stm32l4xx_hal_uart.o(i.HAL_UART_IRQHandler), (356 bytes).
    Removing stm32l4xx_hal_uart.o(i.HAL_UART_MspDeInit), (2 bytes).
    Removing stm32l4xx_hal_uart.o(i.HAL_UART_MspInit), (2 bytes).
    Removing stm32l4xx_hal_uart.o(i.HAL_UART_Receive), (244 bytes).
    Removing stm32l4xx_hal_uart.o(i.HAL_UART_Receive_DMA), (156 bytes).
    Removing stm32l4xx_hal_uart.o(i.HAL_UART_Receive_IT), (172 bytes).
    Removing stm32l4xx_hal_uart.o(i.HAL_UART_ReceiverTimeout_Config), (24 bytes).
    Removing stm32l4xx_hal_uart.o(i.HAL_UART_RxCpltCallback), (2 bytes).
    Removing stm32l4xx_hal_uart.o(i.HAL_UART_RxHalfCpltCallback), (2 bytes).
    Removing stm32l4xx_hal_uart.o(i.HAL_UART_Transmit_DMA), (144 bytes).
    Removing stm32l4xx_hal_uart.o(i.HAL_UART_Transmit_IT), (100 bytes).
    Removing stm32l4xx_hal_uart.o(i.HAL_UART_TxCpltCallback), (2 bytes).
    Removing stm32l4xx_hal_uart.o(i.HAL_UART_TxHalfCpltCallback), (2 bytes).
    Removing stm32l4xx_hal_uart.o(i.UART_DMAAbortOnError), (20 bytes).
    Removing stm32l4xx_hal_uart.o(i.UART_DMAError), (72 bytes).
    Removing stm32l4xx_hal_uart.o(i.UART_DMAReceiveCplt), (60 bytes).
    Removing stm32l4xx_hal_uart.o(i.UART_DMARxAbortCallback), (58 bytes).
    Removing stm32l4xx_hal_uart.o(i.UART_DMARxHalfCplt), (10 bytes).
    Removing stm32l4xx_hal_uart.o(i.UART_DMARxOnlyAbortCallback), (36 bytes).
    Removing stm32l4xx_hal_uart.o(i.UART_DMATransmitCplt), (48 bytes).
    Removing stm32l4xx_hal_uart.o(i.UART_DMATxAbortCallback), (48 bytes).
    Removing stm32l4xx_hal_uart.o(i.UART_DMATxHalfCplt), (10 bytes).
    Removing stm32l4xx_hal_uart.o(i.UART_DMATxOnlyAbortCallback), (20 bytes).
    Removing stm32l4xx_hal_uart.o(i.UART_EndRxTransfer), (30 bytes).
    Removing stm32l4xx_hal_uart.o(i.UART_EndTxTransfer), (16 bytes).
    Removing stm32l4xx_hal_uart.o(i.UART_RxISR_16BIT), (90 bytes).
    Removing stm32l4xx_hal_uart.o(i.UART_RxISR_8BIT), (90 bytes).
    Removing stm32l4xx_hal_uart.o(i.UART_TxISR_16BIT), (64 bytes).
    Removing stm32l4xx_hal_uart.o(i.UART_TxISR_8BIT), (60 bytes).
    Removing stm32l4xx_hal_uart_ex.o(.rev16_text), (4 bytes).
    Removing stm32l4xx_hal_uart_ex.o(.revsh_text), (4 bytes).
    Removing stm32l4xx_hal_uart_ex.o(.rrx_text), (6 bytes).
    Removing stm32l4xx_hal_uart_ex.o(i.HAL_MultiProcessorEx_AddressLength_Set), (46 bytes).
    Removing stm32l4xx_hal_uart_ex.o(i.HAL_RS485Ex_Init), (136 bytes).
    Removing stm32l4xx_hal_uart_ex.o(i.HAL_UARTEx_DisableClockStopMode), (38 bytes).
    Removing stm32l4xx_hal_uart_ex.o(i.HAL_UARTEx_DisableStopMode), (38 bytes).
    Removing stm32l4xx_hal_uart_ex.o(i.HAL_UARTEx_EnableClockStopMode), (38 bytes).
    Removing stm32l4xx_hal_uart_ex.o(i.HAL_UARTEx_EnableStopMode), (38 bytes).
    Removing stm32l4xx_hal_uart_ex.o(i.HAL_UARTEx_StopModeWakeUpSourceConfig), (134 bytes).
    Removing stm32l4xx_hal_uart_ex.o(i.HAL_UARTEx_WakeupCallback), (2 bytes).
    Removing system_stm32l4xx.o(.rev16_text), (4 bytes).
    Removing system_stm32l4xx.o(.revsh_text), (4 bytes).
    Removing system_stm32l4xx.o(.rrx_text), (6 bytes).
    Removing system_stm32l4xx.o(i.SystemCoreClockUpdate), (168 bytes).
    Removing dfixui.o(.text), (50 bytes).

454 unused section(s) (total 38800 bytes) removed from the image.

==============================================================================

Image Symbol Table

    Local Symbols

    Symbol Name                              Value     Ov Type        Size  Object(Section)

    ../Core/Src/main.c                       0x00000000   Number         0  main.o ABSOLUTE
    ../Core/Src/stm32l4xx_hal_msp.c          0x00000000   Number         0  stm32l4xx_hal_msp.o ABSOLUTE
    ../Core/Src/stm32l4xx_it.c               0x00000000   Number         0  stm32l4xx_it.o ABSOLUTE
    ../Core/Src/system_stm32l4xx.c           0x00000000   Number         0  system_stm32l4xx.o ABSOLUTE
    ../Drivers/STM32L4xx_HAL_Driver/Src/stm32l4xx_hal.c 0x00000000   Number         0  stm32l4xx_hal.o ABSOLUTE
    ../Drivers/STM32L4xx_HAL_Driver/Src/stm32l4xx_hal_cortex.c 0x00000000   Number         0  stm32l4xx_hal_cortex.o ABSOLUTE
    ../Drivers/STM32L4xx_HAL_Driver/Src/stm32l4xx_hal_dma.c 0x00000000   Number         0  stm32l4xx_hal_dma.o ABSOLUTE
    ../Drivers/STM32L4xx_HAL_Driver/Src/stm32l4xx_hal_dma_ex.c 0x00000000   Number         0  stm32l4xx_hal_dma_ex.o ABSOLUTE
    ../Drivers/STM32L4xx_HAL_Driver/Src/stm32l4xx_hal_exti.c 0x00000000   Number         0  stm32l4xx_hal_exti.o ABSOLUTE
    ../Drivers/STM32L4xx_HAL_Driver/Src/stm32l4xx_hal_flash.c 0x00000000   Number         0  stm32l4xx_hal_flash.o ABSOLUTE
    ../Drivers/STM32L4xx_HAL_Driver/Src/stm32l4xx_hal_flash_ex.c 0x00000000   Number         0  stm32l4xx_hal_flash_ex.o ABSOLUTE
    ../Drivers/STM32L4xx_HAL_Driver/Src/stm32l4xx_hal_flash_ramfunc.c 0x00000000   Number         0  stm32l4xx_hal_flash_ramfunc.o ABSOLUTE
    ../Drivers/STM32L4xx_HAL_Driver/Src/stm32l4xx_hal_gpio.c 0x00000000   Number         0  stm32l4xx_hal_gpio.o ABSOLUTE
    ../Drivers/STM32L4xx_HAL_Driver/Src/stm32l4xx_hal_i2c.c 0x00000000   Number         0  stm32l4xx_hal_i2c.o ABSOLUTE
    ../Drivers/STM32L4xx_HAL_Driver/Src/stm32l4xx_hal_i2c_ex.c 0x00000000   Number         0  stm32l4xx_hal_i2c_ex.o ABSOLUTE
    ../Drivers/STM32L4xx_HAL_Driver/Src/stm32l4xx_hal_pwr.c 0x00000000   Number         0  stm32l4xx_hal_pwr.o ABSOLUTE
    ../Drivers/STM32L4xx_HAL_Driver/Src/stm32l4xx_hal_pwr_ex.c 0x00000000   Number         0  stm32l4xx_hal_pwr_ex.o ABSOLUTE
    ../Drivers/STM32L4xx_HAL_Driver/Src/stm32l4xx_hal_rcc.c 0x00000000   Number         0  stm32l4xx_hal_rcc.o ABSOLUTE
    ../Drivers/STM32L4xx_HAL_Driver/Src/stm32l4xx_hal_rcc_ex.c 0x00000000   Number         0  stm32l4xx_hal_rcc_ex.o ABSOLUTE
    ../Drivers/STM32L4xx_HAL_Driver/Src/stm32l4xx_hal_tim.c 0x00000000   Number         0  stm32l4xx_hal_tim.o ABSOLUTE
    ../Drivers/STM32L4xx_HAL_Driver/Src/stm32l4xx_hal_tim_ex.c 0x00000000   Number         0  stm32l4xx_hal_tim_ex.o ABSOLUTE
    ../Drivers/STM32L4xx_HAL_Driver/Src/stm32l4xx_hal_uart.c 0x00000000   Number         0  stm32l4xx_hal_uart.o ABSOLUTE
    ../Drivers/STM32L4xx_HAL_Driver/Src/stm32l4xx_hal_uart_ex.c 0x00000000   Number         0  stm32l4xx_hal_uart_ex.o ABSOLUTE
    ../clib/microlib/division.c              0x00000000   Number         0  uldiv.o ABSOLUTE
    ../clib/microlib/division.c              0x00000000   Number         0  uidiv.o ABSOLUTE
    ../clib/microlib/init/entry.s            0x00000000   Number         0  entry2.o ABSOLUTE
    ../clib/microlib/init/entry.s            0x00000000   Number         0  entry7b.o ABSOLUTE
    ../clib/microlib/init/entry.s            0x00000000   Number         0  entry.o ABSOLUTE
    ../clib/microlib/init/entry.s            0x00000000   Number         0  entry8a.o ABSOLUTE
    ../clib/microlib/init/entry.s            0x00000000   Number         0  entry7a.o ABSOLUTE
    ../clib/microlib/init/entry.s            0x00000000   Number         0  entry8b.o ABSOLUTE
    ../clib/microlib/init/entry.s            0x00000000   Number         0  entry5.o ABSOLUTE
    ../clib/microlib/init/entry.s            0x00000000   Number         0  entry9a.o ABSOLUTE
    ../clib/microlib/init/entry.s            0x00000000   Number         0  entry9b.o ABSOLUTE
    ../clib/microlib/init/entry.s            0x00000000   Number         0  entry12b.o ABSOLUTE
    ../clib/microlib/init/entry.s            0x00000000   Number         0  entry10a.o ABSOLUTE
    ../clib/microlib/init/entry.s            0x00000000   Number         0  entry10b.o ABSOLUTE
    ../clib/microlib/init/entry.s            0x00000000   Number         0  entry12a.o ABSOLUTE
    ../clib/microlib/init/entry.s            0x00000000   Number         0  entry11b.o ABSOLUTE
    ../clib/microlib/init/entry.s            0x00000000   Number         0  entry11a.o ABSOLUTE
    ../clib/microlib/longlong.c              0x00000000   Number         0  llshl.o ABSOLUTE
    ../clib/microlib/longlong.c              0x00000000   Number         0  llsshr.o ABSOLUTE
    ../clib/microlib/longlong.c              0x00000000   Number         0  llushr.o ABSOLUTE
    ../clib/microlib/malloc/malloc.c         0x00000000   Number         0  mallocr.o ABSOLUTE
    ../clib/microlib/malloc/malloc.c         0x00000000   Number         0  malloca.o ABSOLUTE
    ../clib/microlib/malloc/malloc.c         0x00000000   Number         0  malloc.o ABSOLUTE
    ../clib/microlib/malloc/malloc.c         0x00000000   Number         0  mallocra.o ABSOLUTE
    ../clib/microlib/malloc/mvars.c          0x00000000   Number         0  mvars.o ABSOLUTE
    ../clib/microlib/printf/printf.c         0x00000000   Number         0  printf5.o ABSOLUTE
    ../clib/microlib/printf/printf.c         0x00000000   Number         0  printf4.o ABSOLUTE
    ../clib/microlib/printf/printf.c         0x00000000   Number         0  printf3.o ABSOLUTE
    ../clib/microlib/printf/printf.c         0x00000000   Number         0  printf2.o ABSOLUTE
    ../clib/microlib/printf/printf.c         0x00000000   Number         0  printf1.o ABSOLUTE
    ../clib/microlib/printf/printf.c         0x00000000   Number         0  printf0.o ABSOLUTE
    ../clib/microlib/printf/printf.c         0x00000000   Number         0  printfa.o ABSOLUTE
    ../clib/microlib/printf/printf.c         0x00000000   Number         0  printfb.o ABSOLUTE
    ../clib/microlib/printf/printf.c         0x00000000   Number         0  printf8.o ABSOLUTE
    ../clib/microlib/printf/printf.c         0x00000000   Number         0  printf7.o ABSOLUTE
    ../clib/microlib/printf/printf.c         0x00000000   Number         0  printf6.o ABSOLUTE
    ../clib/microlib/printf/stubs.s          0x00000000   Number         0  stubs.o ABSOLUTE
    ../clib/microlib/stdio/fputc.c           0x00000000   Number         0  fputc.o ABSOLUTE
    ../clib/microlib/stdio/semi.s            0x00000000   Number         0  semi.o ABSOLUTE
    ../clib/microlib/stdio/streams.c         0x00000000   Number         0  stdout.o ABSOLUTE
    ../clib/microlib/string/memcpy.c         0x00000000   Number         0  memcpya.o ABSOLUTE
    ../clib/microlib/string/memcpy.c         0x00000000   Number         0  memcpyb.o ABSOLUTE
    ../clib/microlib/string/memset.c         0x00000000   Number         0  memseta.o ABSOLUTE
    ../clib/microlib/string/strcpy.c         0x00000000   Number         0  strcpy.o ABSOLUTE
    ../clib/microlib/string/strlen.c         0x00000000   Number         0  strlen.o ABSOLUTE
    ../clib/microlib/stubs.s                 0x00000000   Number         0  iusefp.o ABSOLUTE
    ../clib/microlib/stubs.s                 0x00000000   Number         0  iusesemip.o ABSOLUTE
    ../fplib/microlib/d2f.c                  0x00000000   Number         0  d2f.o ABSOLUTE
    ../fplib/microlib/f2d.c                  0x00000000   Number         0  f2d.o ABSOLUTE
    ../fplib/microlib/fpadd.c                0x00000000   Number         0  dadd.o ABSOLUTE
    ../fplib/microlib/fpdiv.c                0x00000000   Number         0  ddiv.o ABSOLUTE
    ../fplib/microlib/fpepilogue.c           0x00000000   Number         0  depilogue.o ABSOLUTE
    ../fplib/microlib/fpepilogue.c           0x00000000   Number         0  fepilogue.o ABSOLUTE
    ../fplib/microlib/fpfix.c                0x00000000   Number         0  dfixui.o ABSOLUTE
    ../fplib/microlib/fpfix.c                0x00000000   Number         0  dfixul.o ABSOLUTE
    ../fplib/microlib/fpflt.c                0x00000000   Number         0  dflti.o ABSOLUTE
    ../fplib/microlib/fpflt.c                0x00000000   Number         0  dfltui.o ABSOLUTE
    ../fplib/microlib/fpmul.c                0x00000000   Number         0  dmul.o ABSOLUTE
    ..\Core\Src\main.c                       0x00000000   Number         0  main.o ABSOLUTE
    ..\Core\Src\stm32l4xx_hal_msp.c          0x00000000   Number         0  stm32l4xx_hal_msp.o ABSOLUTE
    ..\Core\Src\stm32l4xx_it.c               0x00000000   Number         0  stm32l4xx_it.o ABSOLUTE
    ..\Core\Src\system_stm32l4xx.c           0x00000000   Number         0  system_stm32l4xx.o ABSOLUTE
    ..\Drivers\STM32L4xx_HAL_Driver\Src\stm32l4xx_hal.c 0x00000000   Number         0  stm32l4xx_hal.o ABSOLUTE
    ..\Drivers\STM32L4xx_HAL_Driver\Src\stm32l4xx_hal_cortex.c 0x00000000   Number         0  stm32l4xx_hal_cortex.o ABSOLUTE
    ..\Drivers\STM32L4xx_HAL_Driver\Src\stm32l4xx_hal_dma.c 0x00000000   Number         0  stm32l4xx_hal_dma.o ABSOLUTE
    ..\Drivers\STM32L4xx_HAL_Driver\Src\stm32l4xx_hal_dma_ex.c 0x00000000   Number         0  stm32l4xx_hal_dma_ex.o ABSOLUTE
    ..\Drivers\STM32L4xx_HAL_Driver\Src\stm32l4xx_hal_exti.c 0x00000000   Number         0  stm32l4xx_hal_exti.o ABSOLUTE
    ..\Drivers\STM32L4xx_HAL_Driver\Src\stm32l4xx_hal_flash.c 0x00000000   Number         0  stm32l4xx_hal_flash.o ABSOLUTE
    ..\Drivers\STM32L4xx_HAL_Driver\Src\stm32l4xx_hal_flash_ex.c 0x00000000   Number         0  stm32l4xx_hal_flash_ex.o ABSOLUTE
    ..\Drivers\STM32L4xx_HAL_Driver\Src\stm32l4xx_hal_flash_ramfunc.c 0x00000000   Number         0  stm32l4xx_hal_flash_ramfunc.o ABSOLUTE
    ..\Drivers\STM32L4xx_HAL_Driver\Src\stm32l4xx_hal_gpio.c 0x00000000   Number         0  stm32l4xx_hal_gpio.o ABSOLUTE
    ..\Drivers\STM32L4xx_HAL_Driver\Src\stm32l4xx_hal_i2c.c 0x00000000   Number         0  stm32l4xx_hal_i2c.o ABSOLUTE
    ..\Drivers\STM32L4xx_HAL_Driver\Src\stm32l4xx_hal_i2c_ex.c 0x00000000   Number         0  stm32l4xx_hal_i2c_ex.o ABSOLUTE
    ..\Drivers\STM32L4xx_HAL_Driver\Src\stm32l4xx_hal_pwr.c 0x00000000   Number         0  stm32l4xx_hal_pwr.o ABSOLUTE
    ..\Drivers\STM32L4xx_HAL_Driver\Src\stm32l4xx_hal_pwr_ex.c 0x00000000   Number         0  stm32l4xx_hal_pwr_ex.o ABSOLUTE
    ..\Drivers\STM32L4xx_HAL_Driver\Src\stm32l4xx_hal_rcc.c 0x00000000   Number         0  stm32l4xx_hal_rcc.o ABSOLUTE
    ..\Drivers\STM32L4xx_HAL_Driver\Src\stm32l4xx_hal_rcc_ex.c 0x00000000   Number         0  stm32l4xx_hal_rcc_ex.o ABSOLUTE
    ..\Drivers\STM32L4xx_HAL_Driver\Src\stm32l4xx_hal_tim.c 0x00000000   Number         0  stm32l4xx_hal_tim.o ABSOLUTE
    ..\Drivers\STM32L4xx_HAL_Driver\Src\stm32l4xx_hal_tim_ex.c 0x00000000   Number         0  stm32l4xx_hal_tim_ex.o ABSOLUTE
    ..\Drivers\STM32L4xx_HAL_Driver\Src\stm32l4xx_hal_uart.c 0x00000000   Number         0  stm32l4xx_hal_uart.o ABSOLUTE
    ..\Drivers\STM32L4xx_HAL_Driver\Src\stm32l4xx_hal_uart_ex.c 0x00000000   Number         0  stm32l4xx_hal_uart_ex.o ABSOLUTE
    cdrcmple.s                               0x00000000   Number         0  cdrcmple.o ABSOLUTE
    dc.s                                     0x00000000   Number         0  dc.o ABSOLUTE
    fonts.c                                  0x00000000   Number         0  fonts.o ABSOLUTE
    fonts.c                                  0x00000000   Number         0  fonts.o ABSOLUTE
    handlers.s                               0x00000000   Number         0  handlers.o ABSOLUTE
    init.s                                   0x00000000   Number         0  init.o ABSOLUTE
    max30102_for_stm32_hal.c                 0x00000000   Number         0  max30102_for_stm32_hal.o ABSOLUTE
    max30102_for_stm32_hal.c                 0x00000000   Number         0  max30102_for_stm32_hal.o ABSOLUTE
    ssd1306.c                                0x00000000   Number         0  ssd1306.o ABSOLUTE
    ssd1306.c                                0x00000000   Number         0  ssd1306.o ABSOLUTE
    startup_stm32l476xx.s                    0x00000000   Number         0  startup_stm32l476xx.o ABSOLUTE
    test.c                                   0x00000000   Number         0  test.o ABSOLUTE
    test.c                                   0x00000000   Number         0  test.o ABSOLUTE
    RESET                                    0x08000000   Section      392  startup_stm32l476xx.o(RESET)
    .ARM.Collect$$$$00000000                 0x08000188   Section        0  entry.o(.ARM.Collect$$$$00000000)
    .ARM.Collect$$$$00000001                 0x08000188   Section        4  entry2.o(.ARM.Collect$$$$00000001)
    .ARM.Collect$$$$00000004                 0x0800018c   Section        4  entry5.o(.ARM.Collect$$$$00000004)
    .ARM.Collect$$$$00000008                 0x08000190   Section        0  entry7b.o(.ARM.Collect$$$$00000008)
    .ARM.Collect$$$$0000000A                 0x08000190   Section        0  entry8b.o(.ARM.Collect$$$$0000000A)
    .ARM.Collect$$$$0000000B                 0x08000190   Section        8  entry9a.o(.ARM.Collect$$$$0000000B)
    .ARM.Collect$$$$0000000E                 0x08000198   Section        4  entry12b.o(.ARM.Collect$$$$0000000E)
    .ARM.Collect$$$$0000000F                 0x0800019c   Section        0  entry10a.o(.ARM.Collect$$$$0000000F)
    .ARM.Collect$$$$00000011                 0x0800019c   Section        0  entry11a.o(.ARM.Collect$$$$00000011)
    .ARM.Collect$$$$00002712                 0x0800019c   Section        4  entry2.o(.ARM.Collect$$$$00002712)
    __lit__00000000                          0x0800019c   Data           4  entry2.o(.ARM.Collect$$$$00002712)
    .text                                    0x080001a0   Section       36  startup_stm32l476xx.o(.text)
    $v0                                      0x080001a0   Number         0  startup_stm32l476xx.o(.text)
    .text                                    0x080001c4   Section        0  uldiv.o(.text)
    .text                                    0x0800022c   Section        0  memcpya.o(.text)
    .text                                    0x08000250   Section        0  memseta.o(.text)
    .text                                    0x08000274   Section        0  strlen.o(.text)
    .text                                    0x08000282   Section        0  strcpy.o(.text)
    .text                                    0x08000294   Section        0  dadd.o(.text)
    .text                                    0x080003f2   Section        0  dmul.o(.text)
    .text                                    0x080004dc   Section        0  ddiv.o(.text)
    .text                                    0x080005ba   Section        0  dflti.o(.text)
    .text                                    0x080005dc   Section        0  dfltui.o(.text)
    .text                                    0x080005f6   Section        0  f2d.o(.text)
    .text                                    0x0800061c   Section        0  d2f.o(.text)
    .text                                    0x08000654   Section        0  uidiv.o(.text)
    .text                                    0x08000680   Section        0  llshl.o(.text)
    .text                                    0x0800069e   Section        0  llushr.o(.text)
    .text                                    0x080006be   Section        0  llsshr.o(.text)
    .text                                    0x080006e2   Section        0  fepilogue.o(.text)
    .text                                    0x080006e2   Section        0  iusefp.o(.text)
    .text                                    0x08000750   Section        0  depilogue.o(.text)
    .text                                    0x0800080a   Section        0  dfixul.o(.text)
    .text                                    0x0800083c   Section       48  cdrcmple.o(.text)
    .text                                    0x0800086c   Section       36  init.o(.text)
    i.BusFault_Handler                       0x08000890   Section        0  stm32l4xx_it.o(i.BusFault_Handler)
    i.DebugMon_Handler                       0x08000892   Section        0  stm32l4xx_it.o(i.DebugMon_Handler)
    i.HAL_Delay                              0x08000894   Section        0  stm32l4xx_hal.o(i.HAL_Delay)
    i.HAL_GPIO_Init                          0x080008b8   Section        0  stm32l4xx_hal_gpio.o(i.HAL_GPIO_Init)
    i.HAL_GPIO_TogglePin                     0x08000b1e   Section        0  stm32l4xx_hal_gpio.o(i.HAL_GPIO_TogglePin)
    i.HAL_GPIO_WritePin                      0x08000b2e   Section        0  stm32l4xx_hal_gpio.o(i.HAL_GPIO_WritePin)
    i.HAL_GetTick                            0x08000b38   Section        0  stm32l4xx_hal.o(i.HAL_GetTick)
    i.HAL_I2CEx_ConfigAnalogFilter           0x08000b44   Section        0  stm32l4xx_hal_i2c_ex.o(i.HAL_I2CEx_ConfigAnalogFilter)
    i.HAL_I2CEx_ConfigDigitalFilter          0x08000b9a   Section        0  stm32l4xx_hal_i2c_ex.o(i.HAL_I2CEx_ConfigDigitalFilter)
    i.HAL_I2C_Init                           0x08000bec   Section        0  stm32l4xx_hal_i2c.o(i.HAL_I2C_Init)
    i.HAL_I2C_IsDeviceReady                  0x08000ca4   Section        0  stm32l4xx_hal_i2c.o(i.HAL_I2C_IsDeviceReady)
    i.HAL_I2C_Master_Receive                 0x08000dd0   Section        0  stm32l4xx_hal_i2c.o(i.HAL_I2C_Master_Receive)
    i.HAL_I2C_Master_Transmit                0x08000efc   Section        0  stm32l4xx_hal_i2c.o(i.HAL_I2C_Master_Transmit)
    i.HAL_I2C_MspInit                        0x08001028   Section        0  stm32l4xx_hal_msp.o(i.HAL_I2C_MspInit)
    i.HAL_IncTick                            0x08001090   Section        0  stm32l4xx_hal.o(i.HAL_IncTick)
    i.HAL_Init                               0x080010a0   Section        0  stm32l4xx_hal.o(i.HAL_Init)
    i.HAL_InitTick                           0x080010cc   Section        0  stm32l4xx_hal.o(i.HAL_InitTick)
    i.HAL_MspInit                            0x08001110   Section        0  stm32l4xx_hal_msp.o(i.HAL_MspInit)
    i.HAL_NVIC_SetPriority                   0x0800113c   Section        0  stm32l4xx_hal_cortex.o(i.HAL_NVIC_SetPriority)
    i.HAL_NVIC_SetPriorityGrouping           0x0800117c   Section        0  stm32l4xx_hal_cortex.o(i.HAL_NVIC_SetPriorityGrouping)
    i.HAL_PWREx_ControlVoltageScaling        0x080011a0   Section        0  stm32l4xx_hal_pwr_ex.o(i.HAL_PWREx_ControlVoltageScaling)
    i.HAL_PWREx_GetVoltageRange              0x08001208   Section        0  stm32l4xx_hal_pwr_ex.o(i.HAL_PWREx_GetVoltageRange)
    i.HAL_RCCEx_PeriphCLKConfig              0x08001218   Section        0  stm32l4xx_hal_rcc_ex.o(i.HAL_RCCEx_PeriphCLKConfig)
    i.HAL_RCC_ClockConfig                    0x080015c8   Section        0  stm32l4xx_hal_rcc.o(i.HAL_RCC_ClockConfig)
    i.HAL_RCC_GetPCLK1Freq                   0x080016e8   Section        0  stm32l4xx_hal_rcc.o(i.HAL_RCC_GetPCLK1Freq)
    i.HAL_RCC_GetPCLK2Freq                   0x0800170c   Section        0  stm32l4xx_hal_rcc.o(i.HAL_RCC_GetPCLK2Freq)
    i.HAL_RCC_GetSysClockFreq                0x08001730   Section        0  stm32l4xx_hal_rcc.o(i.HAL_RCC_GetSysClockFreq)
    i.HAL_RCC_OscConfig                      0x080017d4   Section        0  stm32l4xx_hal_rcc.o(i.HAL_RCC_OscConfig)
    i.HAL_SYSTICK_Config                     0x08001cfc   Section        0  stm32l4xx_hal_cortex.o(i.HAL_SYSTICK_Config)
    i.HAL_UART_Init                          0x08001d24   Section        0  stm32l4xx_hal_uart.o(i.HAL_UART_Init)
    i.HAL_UART_MspInit                       0x08001d8c   Section        0  stm32l4xx_hal_msp.o(i.HAL_UART_MspInit)
    i.HAL_UART_Transmit                      0x08001df0   Section        0  stm32l4xx_hal_uart.o(i.HAL_UART_Transmit)
    i.HardFault_Handler                      0x08001ea6   Section        0  stm32l4xx_it.o(i.HardFault_Handler)
    i.I2C_Flush_TXDR                         0x08001ea8   Section        0  stm32l4xx_hal_i2c.o(i.I2C_Flush_TXDR)
    I2C_Flush_TXDR                           0x08001ea9   Thumb Code    34  stm32l4xx_hal_i2c.o(i.I2C_Flush_TXDR)
    i.I2C_IsAcknowledgeFailed                0x08001ecc   Section        0  stm32l4xx_hal_i2c.o(i.I2C_IsAcknowledgeFailed)
    I2C_IsAcknowledgeFailed                  0x08001ecd   Thumb Code   128  stm32l4xx_hal_i2c.o(i.I2C_IsAcknowledgeFailed)
    i.I2C_TransferConfig                     0x08001f50   Section        0  stm32l4xx_hal_i2c.o(i.I2C_TransferConfig)
    I2C_TransferConfig                       0x08001f51   Thumb Code    40  stm32l4xx_hal_i2c.o(i.I2C_TransferConfig)
    i.I2C_WaitOnFlagUntilTimeout             0x08001f7c   Section        0  stm32l4xx_hal_i2c.o(i.I2C_WaitOnFlagUntilTimeout)
    I2C_WaitOnFlagUntilTimeout               0x08001f7d   Thumb Code    88  stm32l4xx_hal_i2c.o(i.I2C_WaitOnFlagUntilTimeout)
    i.I2C_WaitOnRXNEFlagUntilTimeout         0x08001fd4   Section        0  stm32l4xx_hal_i2c.o(i.I2C_WaitOnRXNEFlagUntilTimeout)
    I2C_WaitOnRXNEFlagUntilTimeout           0x08001fd5   Thumb Code   128  stm32l4xx_hal_i2c.o(i.I2C_WaitOnRXNEFlagUntilTimeout)
    i.I2C_WaitOnSTOPFlagUntilTimeout         0x08002058   Section        0  stm32l4xx_hal_i2c.o(i.I2C_WaitOnSTOPFlagUntilTimeout)
    I2C_WaitOnSTOPFlagUntilTimeout           0x08002059   Thumb Code    76  stm32l4xx_hal_i2c.o(i.I2C_WaitOnSTOPFlagUntilTimeout)
    i.I2C_WaitOnTXISFlagUntilTimeout         0x080020a4   Section        0  stm32l4xx_hal_i2c.o(i.I2C_WaitOnTXISFlagUntilTimeout)
    I2C_WaitOnTXISFlagUntilTimeout           0x080020a5   Thumb Code    80  stm32l4xx_hal_i2c.o(i.I2C_WaitOnTXISFlagUntilTimeout)
    i.MX_GPIO_Init                           0x080020f4   Section        0  main.o(i.MX_GPIO_Init)
    MX_GPIO_Init                             0x080020f5   Thumb Code   138  main.o(i.MX_GPIO_Init)
    i.MX_I2C1_Init                           0x0800218c   Section        0  main.o(i.MX_I2C1_Init)
    MX_I2C1_Init                             0x0800218d   Thumb Code    72  main.o(i.MX_I2C1_Init)
    i.MX_USART2_UART_Init                    0x080021e0   Section        0  main.o(i.MX_USART2_UART_Init)
    MX_USART2_UART_Init                      0x080021e1   Thumb Code    48  main.o(i.MX_USART2_UART_Init)
    i.MemManage_Handler                      0x08002218   Section        0  stm32l4xx_it.o(i.MemManage_Handler)
    i.NMI_Handler                            0x0800221a   Section        0  stm32l4xx_it.o(i.NMI_Handler)
    i.PendSV_Handler                         0x0800221c   Section        0  stm32l4xx_it.o(i.PendSV_Handler)
    i.RCCEx_PLLSAI1_Config                   0x08002220   Section        0  stm32l4xx_hal_rcc_ex.o(i.RCCEx_PLLSAI1_Config)
    RCCEx_PLLSAI1_Config                     0x08002221   Thumb Code   278  stm32l4xx_hal_rcc_ex.o(i.RCCEx_PLLSAI1_Config)
    i.RCCEx_PLLSAI2_Config                   0x0800234c   Section        0  stm32l4xx_hal_rcc_ex.o(i.RCCEx_PLLSAI2_Config)
    RCCEx_PLLSAI2_Config                     0x0800234d   Thumb Code   250  stm32l4xx_hal_rcc_ex.o(i.RCCEx_PLLSAI2_Config)
    i.RCC_SetFlashLatencyFromMSIRange        0x08002454   Section        0  stm32l4xx_hal_rcc.o(i.RCC_SetFlashLatencyFromMSIRange)
    RCC_SetFlashLatencyFromMSIRange          0x08002455   Thumb Code   116  stm32l4xx_hal_rcc.o(i.RCC_SetFlashLatencyFromMSIRange)
    i.SSD1306_DrawPixel                      0x080024d0   Section        0  ssd1306.o(i.SSD1306_DrawPixel)
    i.SSD1306_Fill                           0x08002510   Section        0  ssd1306.o(i.SSD1306_Fill)
    i.SSD1306_GotoXY                         0x08002528   Section        0  ssd1306.o(i.SSD1306_GotoXY)
    i.SSD1306_Init                           0x08002534   Section        0  ssd1306.o(i.SSD1306_Init)
    i.SSD1306_Putc                           0x0800269c   Section        0  ssd1306.o(i.SSD1306_Putc)
    i.SSD1306_Puts                           0x0800273c   Section        0  ssd1306.o(i.SSD1306_Puts)
    i.SSD1306_UpdateScreen                   0x08002764   Section        0  ssd1306.o(i.SSD1306_UpdateScreen)
    i.SVC_Handler                            0x080027ac   Section        0  stm32l4xx_it.o(i.SVC_Handler)
    i.SysTick_Handler                        0x080027ae   Section        0  stm32l4xx_it.o(i.SysTick_Handler)
    i.SystemClock_Config                     0x080027b2   Section        0  main.o(i.SystemClock_Config)
    i.SystemInit                             0x08002840   Section        0  system_stm32l4xx.o(i.SystemInit)
    i.UART_AdvFeatureConfig                  0x08002884   Section        0  stm32l4xx_hal_uart.o(i.UART_AdvFeatureConfig)
    i.UART_CheckIdleState                    0x0800294c   Section        0  stm32l4xx_hal_uart.o(i.UART_CheckIdleState)
    i.UART_SetConfig                         0x080029a4   Section        0  stm32l4xx_hal_uart.o(i.UART_SetConfig)
    i.UART_WaitOnFlagUntilTimeout            0x08002bf0   Section        0  stm32l4xx_hal_uart.o(i.UART_WaitOnFlagUntilTimeout)
    i.UsageFault_Handler                     0x08002c94   Section        0  stm32l4xx_it.o(i.UsageFault_Handler)
    i.__0sprintf                             0x08002c98   Section        0  printfa.o(i.__0sprintf)
    i.__NVIC_SetPriority                     0x08002cc0   Section        0  stm32l4xx_hal_cortex.o(i.__NVIC_SetPriority)
    __NVIC_SetPriority                       0x08002cc1   Thumb Code    32  stm32l4xx_hal_cortex.o(i.__NVIC_SetPriority)
    i.__scatterload_copy                     0x08002ce0   Section       14  handlers.o(i.__scatterload_copy)
    i.__scatterload_null                     0x08002cee   Section        2  handlers.o(i.__scatterload_null)
    i.__scatterload_zeroinit                 0x08002cf0   Section       14  handlers.o(i.__scatterload_zeroinit)
    i._fp_digits                             0x08002d00   Section        0  printfa.o(i._fp_digits)
    _fp_digits                               0x08002d01   Thumb Code   366  printfa.o(i._fp_digits)
    i._printf_core                           0x08002e8c   Section        0  printfa.o(i._printf_core)
    _printf_core                             0x08002e8d   Thumb Code  1704  printfa.o(i._printf_core)
    i._printf_post_padding                   0x08003546   Section        0  printfa.o(i._printf_post_padding)
    _printf_post_padding                     0x08003547   Thumb Code    36  printfa.o(i._printf_post_padding)
    i._printf_pre_padding                    0x0800356a   Section        0  printfa.o(i._printf_pre_padding)
    _printf_pre_padding                      0x0800356b   Thumb Code    46  printfa.o(i._printf_pre_padding)
    i._sputc                                 0x08003598   Section        0  printfa.o(i._sputc)
    _sputc                                   0x08003599   Thumb Code    10  printfa.o(i._sputc)
    i.configureOLEDDisplay                   0x080035a4   Section        0  main.o(i.configureOLEDDisplay)
    i.dcRemoval                              0x080036a0   Section        0  main.o(i.dcRemoval)
    i.detectPulse                            0x080036ac   Section        0  main.o(i.detectPulse)
    i.free                                   0x080037e4   Section        0  malloc.o(i.free)
    i.main                                   0x08003834   Section        0  main.o(i.main)
    i.malloc                                 0x08003f54   Section        0  malloc.o(i.malloc)
    i.max30102_clear_fifo                    0x08003fc0   Section        0  max30102_for_stm32_hal.o(i.max30102_clear_fifo)
    i.max30102_init                          0x08003ff0   Section        0  max30102_for_stm32_hal.o(i.max30102_init)
    i.max30102_read                          0x08004012   Section        0  max30102_for_stm32_hal.o(i.max30102_read)
    i.max30102_read_fifo                     0x08004044   Section        0  max30102_for_stm32_hal.o(i.max30102_read_fifo)
    i.max30102_reset                         0x080040ca   Section        0  max30102_for_stm32_hal.o(i.max30102_reset)
    i.max30102_write                         0x080040de   Section        0  max30102_for_stm32_hal.o(i.max30102_write)
    i.meanDiff                               0x08004122   Section        0  main.o(i.meanDiff)
    i.ssd1306_I2C_Init                       0x08004184   Section        0  ssd1306.o(i.ssd1306_I2C_Init)
    i.ssd1306_I2C_Write                      0x08004190   Section        0  ssd1306.o(i.ssd1306_I2C_Write)
    i.ssd1306_I2C_WriteMulti                 0x080041b0   Section        0  ssd1306.o(i.ssd1306_I2C_WriteMulti)
    .constdata                               0x080041e8   Section     1900  fonts.o(.constdata)
    .constdata                               0x08004954   Section       64  system_stm32l4xx.o(.constdata)
    .constdata                               0x08004994   Section        8  system_stm32l4xx.o(.constdata)
    .data                                    0x20000000   Section       60  main.o(.data)
    values_went_down                         0x20000001   Data           1  main.o(.data)
    prev_sensor_value                        0x20000028   Data           4  main.o(.data)
    currentBeat                              0x2000002c   Data           4  main.o(.data)
    lastBeat                                 0x20000030   Data           4  main.o(.data)
    .data                                    0x2000003c   Section        6  ssd1306.o(.data)
    SSD1306                                  0x2000003c   Data           6  ssd1306.o(.data)
    .data                                    0x20000044   Section        8  fonts.o(.data)
    .data                                    0x2000004c   Section       12  stm32l4xx_hal.o(.data)
    .data                                    0x20000058   Section        4  system_stm32l4xx.o(.data)
    .data                                    0x2000005c   Section        4  mvars.o(.data)
    .data                                    0x20000060   Section        4  mvars.o(.data)
    .bss                                     0x20000064   Section     1120  main.o(.bss)
    .bss                                     0x200004c4   Section     1024  ssd1306.o(.bss)
    SSD1306_Buffer                           0x200004c4   Data        1024  ssd1306.o(.bss)
    HEAP                                     0x200008c8   Section      512  startup_stm32l476xx.o(HEAP)
    STACK                                    0x20000ac8   Section     1024  startup_stm32l476xx.o(STACK)

    Global Symbols

    Symbol Name                              Value     Ov Type        Size  Object(Section)

    BuildAttributes$$THM_ISAv4$E$P$D$K$B$S$7EM$VFPi3$EXTD16$VFPS$VFMA$PE$A:L22UL41UL21$X:L11$S22US41US21$IEEE1$IW$USESV6$~STKCKD$USESV7$~SHL$OTIME$ROPI$EBA8$MICROLIB$REQ8$PRES8$EABIv2 0x00000000   Number         0  anon$$obj.o ABSOLUTE
    __ARM_use_no_argv                        0x00000000   Number         0  main.o ABSOLUTE
    _printf_a                                0x00000000   Number         0  stubs.o ABSOLUTE
    _printf_c                                0x00000000   Number         0  stubs.o ABSOLUTE
    _printf_charcount                        0x00000000   Number         0  stubs.o ABSOLUTE
    _printf_d                                0x00000000   Number         0  stubs.o ABSOLUTE
    _printf_e                                0x00000000   Number         0  stubs.o ABSOLUTE
    _printf_f                                0x00000000   Number         0  stubs.o ABSOLUTE
    _printf_flags                            0x00000000   Number         0  stubs.o ABSOLUTE
    _printf_fp_dec                           0x00000000   Number         0  stubs.o ABSOLUTE
    _printf_fp_hex                           0x00000000   Number         0  stubs.o ABSOLUTE
    _printf_g                                0x00000000   Number         0  stubs.o ABSOLUTE
    _printf_i                                0x00000000   Number         0  stubs.o ABSOLUTE
    _printf_int_dec                          0x00000000   Number         0  stubs.o ABSOLUTE
    _printf_l                                0x00000000   Number         0  stubs.o ABSOLUTE
    _printf_lc                               0x00000000   Number         0  stubs.o ABSOLUTE
    _printf_ll                               0x00000000   Number         0  stubs.o ABSOLUTE
    _printf_lld                              0x00000000   Number         0  stubs.o ABSOLUTE
    _printf_lli                              0x00000000   Number         0  stubs.o ABSOLUTE
    _printf_llo                              0x00000000   Number         0  stubs.o ABSOLUTE
    _printf_llu                              0x00000000   Number         0  stubs.o ABSOLUTE
    _printf_llx                              0x00000000   Number         0  stubs.o ABSOLUTE
    _printf_longlong_dec                     0x00000000   Number         0  stubs.o ABSOLUTE
    _printf_longlong_hex                     0x00000000   Number         0  stubs.o ABSOLUTE
    _printf_longlong_oct                     0x00000000   Number         0  stubs.o ABSOLUTE
    _printf_ls                               0x00000000   Number         0  stubs.o ABSOLUTE
    _printf_mbtowc                           0x00000000   Number         0  stubs.o ABSOLUTE
    _printf_n                                0x00000000   Number         0  stubs.o ABSOLUTE
    _printf_o                                0x00000000   Number         0  stubs.o ABSOLUTE
    _printf_p                                0x00000000   Number         0  stubs.o ABSOLUTE
    _printf_percent                          0x00000000   Number         0  stubs.o ABSOLUTE
    _printf_pre_padding                      0x00000000   Number         0  stubs.o ABSOLUTE
    _printf_return_value                     0x00000000   Number         0  stubs.o ABSOLUTE
    _printf_s                                0x00000000   Number         0  stubs.o ABSOLUTE
    _printf_sizespec                         0x00000000   Number         0  stubs.o ABSOLUTE
    _printf_str                              0x00000000   Number         0  stubs.o ABSOLUTE
    _printf_truncate_signed                  0x00000000   Number         0  stubs.o ABSOLUTE
    _printf_truncate_unsigned                0x00000000   Number         0  stubs.o ABSOLUTE
    _printf_u                                0x00000000   Number         0  stubs.o ABSOLUTE
    _printf_wc                               0x00000000   Number         0  stubs.o ABSOLUTE
    _printf_wctomb                           0x00000000   Number         0  stubs.o ABSOLUTE
    _printf_widthprec                        0x00000000   Number         0  stubs.o ABSOLUTE
    _printf_x                                0x00000000   Number         0  stubs.o ABSOLUTE
    __arm_fini_                               - Undefined Weak Reference
    __cpp_initialize__aeabi_                  - Undefined Weak Reference
    __cxa_finalize                            - Undefined Weak Reference
    __decompress                              - Undefined Weak Reference
    _clock_init                               - Undefined Weak Reference
    _microlib_exit                            - Undefined Weak Reference
    __Vectors_Size                           0x00000188   Number         0  startup_stm32l476xx.o ABSOLUTE
    __Vectors                                0x08000000   Data           4  startup_stm32l476xx.o(RESET)
    __Vectors_End                            0x08000188   Data           0  startup_stm32l476xx.o(RESET)
    __main                                   0x08000189   Thumb Code     0  entry.o(.ARM.Collect$$$$00000000)
    _main_stk                                0x08000189   Thumb Code     0  entry2.o(.ARM.Collect$$$$00000001)
    _main_scatterload                        0x0800018d   Thumb Code     0  entry5.o(.ARM.Collect$$$$00000004)
    __main_after_scatterload                 0x08000191   Thumb Code     0  entry5.o(.ARM.Collect$$$$00000004)
    _main_clock                              0x08000191   Thumb Code     0  entry7b.o(.ARM.Collect$$$$00000008)
    _main_cpp_init                           0x08000191   Thumb Code     0  entry8b.o(.ARM.Collect$$$$0000000A)
    _main_init                               0x08000191   Thumb Code     0  entry9a.o(.ARM.Collect$$$$0000000B)
    __rt_lib_shutdown_fini                   0x08000199   Thumb Code     0  entry12b.o(.ARM.Collect$$$$0000000E)
    __rt_final_cpp                           0x0800019d   Thumb Code     0  entry10a.o(.ARM.Collect$$$$0000000F)
    __rt_final_exit                          0x0800019d   Thumb Code     0  entry11a.o(.ARM.Collect$$$$00000011)
    Reset_Handler                            0x080001a1   Thumb Code     8  startup_stm32l476xx.o(.text)
    ADC1_2_IRQHandler                        0x080001bb   Thumb Code     0  startup_stm32l476xx.o(.text)
    ADC3_IRQHandler                          0x080001bb   Thumb Code     0  startup_stm32l476xx.o(.text)
    CAN1_RX0_IRQHandler                      0x080001bb   Thumb Code     0  startup_stm32l476xx.o(.text)
    CAN1_RX1_IRQHandler                      0x080001bb   Thumb Code     0  startup_stm32l476xx.o(.text)
    CAN1_SCE_IRQHandler                      0x080001bb   Thumb Code     0  startup_stm32l476xx.o(.text)
    CAN1_TX_IRQHandler                       0x080001bb   Thumb Code     0  startup_stm32l476xx.o(.text)
    COMP_IRQHandler                          0x080001bb   Thumb Code     0  startup_stm32l476xx.o(.text)
    DFSDM1_FLT0_IRQHandler                   0x080001bb   Thumb Code     0  startup_stm32l476xx.o(.text)
    DFSDM1_FLT1_IRQHandler                   0x080001bb   Thumb Code     0  startup_stm32l476xx.o(.text)
    DFSDM1_FLT2_IRQHandler                   0x080001bb   Thumb Code     0  startup_stm32l476xx.o(.text)
    DFSDM1_FLT3_IRQHandler                   0x080001bb   Thumb Code     0  startup_stm32l476xx.o(.text)
    DMA1_Channel1_IRQHandler                 0x080001bb   Thumb Code     0  startup_stm32l476xx.o(.text)
    DMA1_Channel2_IRQHandler                 0x080001bb   Thumb Code     0  startup_stm32l476xx.o(.text)
    DMA1_Channel3_IRQHandler                 0x080001bb   Thumb Code     0  startup_stm32l476xx.o(.text)
    DMA1_Channel4_IRQHandler                 0x080001bb   Thumb Code     0  startup_stm32l476xx.o(.text)
    DMA1_Channel5_IRQHandler                 0x080001bb   Thumb Code     0  startup_stm32l476xx.o(.text)
    DMA1_Channel6_IRQHandler                 0x080001bb   Thumb Code     0  startup_stm32l476xx.o(.text)
    DMA1_Channel7_IRQHandler                 0x080001bb   Thumb Code     0  startup_stm32l476xx.o(.text)
    DMA2_Channel1_IRQHandler                 0x080001bb   Thumb Code     0  startup_stm32l476xx.o(.text)
    DMA2_Channel2_IRQHandler                 0x080001bb   Thumb Code     0  startup_stm32l476xx.o(.text)
    DMA2_Channel3_IRQHandler                 0x080001bb   Thumb Code     0  startup_stm32l476xx.o(.text)
    DMA2_Channel4_IRQHandler                 0x080001bb   Thumb Code     0  startup_stm32l476xx.o(.text)
    DMA2_Channel5_IRQHandler                 0x080001bb   Thumb Code     0  startup_stm32l476xx.o(.text)
    DMA2_Channel6_IRQHandler                 0x080001bb   Thumb Code     0  startup_stm32l476xx.o(.text)
    DMA2_Channel7_IRQHandler                 0x080001bb   Thumb Code     0  startup_stm32l476xx.o(.text)
    EXTI0_IRQHandler                         0x080001bb   Thumb Code     0  startup_stm32l476xx.o(.text)
    EXTI15_10_IRQHandler                     0x080001bb   Thumb Code     0  startup_stm32l476xx.o(.text)
    EXTI1_IRQHandler                         0x080001bb   Thumb Code     0  startup_stm32l476xx.o(.text)
    EXTI2_IRQHandler                         0x080001bb   Thumb Code     0  startup_stm32l476xx.o(.text)
    EXTI3_IRQHandler                         0x080001bb   Thumb Code     0  startup_stm32l476xx.o(.text)
    EXTI4_IRQHandler                         0x080001bb   Thumb Code     0  startup_stm32l476xx.o(.text)
    EXTI9_5_IRQHandler                       0x080001bb   Thumb Code     0  startup_stm32l476xx.o(.text)
    FLASH_IRQHandler                         0x080001bb   Thumb Code     0  startup_stm32l476xx.o(.text)
    FMC_IRQHandler                           0x080001bb   Thumb Code     0  startup_stm32l476xx.o(.text)
    FPU_IRQHandler                           0x080001bb   Thumb Code     0  startup_stm32l476xx.o(.text)
    I2C1_ER_IRQHandler                       0x080001bb   Thumb Code     0  startup_stm32l476xx.o(.text)
    I2C1_EV_IRQHandler                       0x080001bb   Thumb Code     0  startup_stm32l476xx.o(.text)
    I2C2_ER_IRQHandler                       0x080001bb   Thumb Code     0  startup_stm32l476xx.o(.text)
    I2C2_EV_IRQHandler                       0x080001bb   Thumb Code     0  startup_stm32l476xx.o(.text)
    I2C3_ER_IRQHandler                       0x080001bb   Thumb Code     0  startup_stm32l476xx.o(.text)
    I2C3_EV_IRQHandler                       0x080001bb   Thumb Code     0  startup_stm32l476xx.o(.text)
    LCD_IRQHandler                           0x080001bb   Thumb Code     0  startup_stm32l476xx.o(.text)
    LPTIM1_IRQHandler                        0x080001bb   Thumb Code     0  startup_stm32l476xx.o(.text)
    LPTIM2_IRQHandler                        0x080001bb   Thumb Code     0  startup_stm32l476xx.o(.text)
    LPUART1_IRQHandler                       0x080001bb   Thumb Code     0  startup_stm32l476xx.o(.text)
    OTG_FS_IRQHandler                        0x080001bb   Thumb Code     0  startup_stm32l476xx.o(.text)
    PVD_PVM_IRQHandler                       0x080001bb   Thumb Code     0  startup_stm32l476xx.o(.text)
    QUADSPI_IRQHandler                       0x080001bb   Thumb Code     0  startup_stm32l476xx.o(.text)
    RCC_IRQHandler                           0x080001bb   Thumb Code     0  startup_stm32l476xx.o(.text)
    RNG_IRQHandler                           0x080001bb   Thumb Code     0  startup_stm32l476xx.o(.text)
    RTC_Alarm_IRQHandler                     0x080001bb   Thumb Code     0  startup_stm32l476xx.o(.text)
    RTC_WKUP_IRQHandler                      0x080001bb   Thumb Code     0  startup_stm32l476xx.o(.text)
    SAI1_IRQHandler                          0x080001bb   Thumb Code     0  startup_stm32l476xx.o(.text)
    SAI2_IRQHandler                          0x080001bb   Thumb Code     0  startup_stm32l476xx.o(.text)
    SDMMC1_IRQHandler                        0x080001bb   Thumb Code     0  startup_stm32l476xx.o(.text)
    SPI1_IRQHandler                          0x080001bb   Thumb Code     0  startup_stm32l476xx.o(.text)
    SPI2_IRQHandler                          0x080001bb   Thumb Code     0  startup_stm32l476xx.o(.text)
    SPI3_IRQHandler                          0x080001bb   Thumb Code     0  startup_stm32l476xx.o(.text)
    SWPMI1_IRQHandler                        0x080001bb   Thumb Code     0  startup_stm32l476xx.o(.text)
    TAMP_STAMP_IRQHandler                    0x080001bb   Thumb Code     0  startup_stm32l476xx.o(.text)
    TIM1_BRK_TIM15_IRQHandler                0x080001bb   Thumb Code     0  startup_stm32l476xx.o(.text)
    TIM1_CC_IRQHandler                       0x080001bb   Thumb Code     0  startup_stm32l476xx.o(.text)
    TIM1_TRG_COM_TIM17_IRQHandler            0x080001bb   Thumb Code     0  startup_stm32l476xx.o(.text)
    TIM1_UP_TIM16_IRQHandler                 0x080001bb   Thumb Code     0  startup_stm32l476xx.o(.text)
    TIM2_IRQHandler                          0x080001bb   Thumb Code     0  startup_stm32l476xx.o(.text)
    TIM3_IRQHandler                          0x080001bb   Thumb Code     0  startup_stm32l476xx.o(.text)
    TIM4_IRQHandler                          0x080001bb   Thumb Code     0  startup_stm32l476xx.o(.text)
    TIM5_IRQHandler                          0x080001bb   Thumb Code     0  startup_stm32l476xx.o(.text)
    TIM6_DAC_IRQHandler                      0x080001bb   Thumb Code     0  startup_stm32l476xx.o(.text)
    TIM7_IRQHandler                          0x080001bb   Thumb Code     0  startup_stm32l476xx.o(.text)
    TIM8_BRK_IRQHandler                      0x080001bb   Thumb Code     0  startup_stm32l476xx.o(.text)
    TIM8_CC_IRQHandler                       0x080001bb   Thumb Code     0  startup_stm32l476xx.o(.text)
    TIM8_TRG_COM_IRQHandler                  0x080001bb   Thumb Code     0  startup_stm32l476xx.o(.text)
    TIM8_UP_IRQHandler                       0x080001bb   Thumb Code     0  startup_stm32l476xx.o(.text)
    TSC_IRQHandler                           0x080001bb   Thumb Code     0  startup_stm32l476xx.o(.text)
    UART4_IRQHandler                         0x080001bb   Thumb Code     0  startup_stm32l476xx.o(.text)
    UART5_IRQHandler                         0x080001bb   Thumb Code     0  startup_stm32l476xx.o(.text)
    USART1_IRQHandler                        0x080001bb   Thumb Code     0  startup_stm32l476xx.o(.text)
    USART2_IRQHandler                        0x080001bb   Thumb Code     0  startup_stm32l476xx.o(.text)
    USART3_IRQHandler                        0x080001bb   Thumb Code     0  startup_stm32l476xx.o(.text)
    WWDG_IRQHandler                          0x080001bb   Thumb Code     0  startup_stm32l476xx.o(.text)
    __aeabi_uldivmod                         0x080001c5   Thumb Code    98  uldiv.o(.text)
    __aeabi_memcpy                           0x0800022d   Thumb Code    36  memcpya.o(.text)
    __aeabi_memcpy4                          0x0800022d   Thumb Code     0  memcpya.o(.text)
    __aeabi_memcpy8                          0x0800022d   Thumb Code     0  memcpya.o(.text)
    __aeabi_memset                           0x08000251   Thumb Code    14  memseta.o(.text)
    __aeabi_memset4                          0x08000251   Thumb Code     0  memseta.o(.text)
    __aeabi_memset8                          0x08000251   Thumb Code     0  memseta.o(.text)
    __aeabi_memclr                           0x0800025f   Thumb Code     4  memseta.o(.text)
    __aeabi_memclr4                          0x0800025f   Thumb Code     0  memseta.o(.text)
    __aeabi_memclr8                          0x0800025f   Thumb Code     0  memseta.o(.text)
    _memset$wrapper                          0x08000263   Thumb Code    18  memseta.o(.text)
    strlen                                   0x08000275   Thumb Code    14  strlen.o(.text)
    strcpy                                   0x08000283   Thumb Code    18  strcpy.o(.text)
    __aeabi_dadd                             0x08000295   Thumb Code   322  dadd.o(.text)
    __aeabi_dsub                             0x080003d7   Thumb Code     6  dadd.o(.text)
    __aeabi_drsub                            0x080003dd   Thumb Code     6  dadd.o(.text)
    __aeabi_dmul                             0x080003f3   Thumb Code   228  dmul.o(.text)
    __aeabi_ddiv                             0x080004dd   Thumb Code   222  ddiv.o(.text)
    __aeabi_i2d                              0x080005bb   Thumb Code    34  dflti.o(.text)
    __aeabi_ui2d                             0x080005dd   Thumb Code    26  dfltui.o(.text)
    __aeabi_f2d                              0x080005f7   Thumb Code    38  f2d.o(.text)
    __aeabi_d2f                              0x0800061d   Thumb Code    56  d2f.o(.text)
    __aeabi_uidiv                            0x08000655   Thumb Code     0  uidiv.o(.text)
    __aeabi_uidivmod                         0x08000655   Thumb Code    44  uidiv.o(.text)
    __aeabi_llsl                             0x08000681   Thumb Code    30  llshl.o(.text)
    _ll_shift_l                              0x08000681   Thumb Code     0  llshl.o(.text)
    __aeabi_llsr                             0x0800069f   Thumb Code    32  llushr.o(.text)
    _ll_ushift_r                             0x0800069f   Thumb Code     0  llushr.o(.text)
    __aeabi_lasr                             0x080006bf   Thumb Code    36  llsshr.o(.text)
    _ll_sshift_r                             0x080006bf   Thumb Code     0  llsshr.o(.text)
    __I$use$fp                               0x080006e3   Thumb Code     0  iusefp.o(.text)
    _float_round                             0x080006e3   Thumb Code    18  fepilogue.o(.text)
    _float_epilogue                          0x080006f5   Thumb Code    92  fepilogue.o(.text)
    _double_round                            0x08000751   Thumb Code    30  depilogue.o(.text)
    _double_epilogue                         0x0800076f   Thumb Code   156  depilogue.o(.text)
    __aeabi_d2ulz                            0x0800080b   Thumb Code    48  dfixul.o(.text)
    __aeabi_cdrcmple                         0x0800083d   Thumb Code    48  cdrcmple.o(.text)
    __scatterload                            0x0800086d   Thumb Code    28  init.o(.text)
    __scatterload_rt2                        0x0800086d   Thumb Code     0  init.o(.text)
    BusFault_Handler                         0x08000891   Thumb Code     2  stm32l4xx_it.o(i.BusFault_Handler)
    DebugMon_Handler                         0x08000893   Thumb Code     2  stm32l4xx_it.o(i.DebugMon_Handler)
    HAL_Delay                                0x08000895   Thumb Code    32  stm32l4xx_hal.o(i.HAL_Delay)
    HAL_GPIO_Init                            0x080008b9   Thumb Code   570  stm32l4xx_hal_gpio.o(i.HAL_GPIO_Init)
    HAL_GPIO_TogglePin                       0x08000b1f   Thumb Code    16  stm32l4xx_hal_gpio.o(i.HAL_GPIO_TogglePin)
    HAL_GPIO_WritePin                        0x08000b2f   Thumb Code    10  stm32l4xx_hal_gpio.o(i.HAL_GPIO_WritePin)
    HAL_GetTick                              0x08000b39   Thumb Code     6  stm32l4xx_hal.o(i.HAL_GetTick)
    HAL_I2CEx_ConfigAnalogFilter             0x08000b45   Thumb Code    86  stm32l4xx_hal_i2c_ex.o(i.HAL_I2CEx_ConfigAnalogFilter)
    HAL_I2CEx_ConfigDigitalFilter            0x08000b9b   Thumb Code    82  stm32l4xx_hal_i2c_ex.o(i.HAL_I2CEx_ConfigDigitalFilter)
    HAL_I2C_Init                             0x08000bed   Thumb Code   178  stm32l4xx_hal_i2c.o(i.HAL_I2C_Init)
    HAL_I2C_IsDeviceReady                    0x08000ca5   Thumb Code   282  stm32l4xx_hal_i2c.o(i.HAL_I2C_IsDeviceReady)
    HAL_I2C_Master_Receive                   0x08000dd1   Thumb Code   282  stm32l4xx_hal_i2c.o(i.HAL_I2C_Master_Receive)
    HAL_I2C_Master_Transmit                  0x08000efd   Thumb Code   282  stm32l4xx_hal_i2c.o(i.HAL_I2C_Master_Transmit)
    HAL_I2C_MspInit                          0x08001029   Thumb Code    90  stm32l4xx_hal_msp.o(i.HAL_I2C_MspInit)
    HAL_IncTick                              0x08001091   Thumb Code    12  stm32l4xx_hal.o(i.HAL_IncTick)
    HAL_Init                                 0x080010a1   Thumb Code    40  stm32l4xx_hal.o(i.HAL_Init)
    HAL_InitTick                             0x080010cd   Thumb Code    58  stm32l4xx_hal.o(i.HAL_InitTick)
    HAL_MspInit                              0x08001111   Thumb Code    38  stm32l4xx_hal_msp.o(i.HAL_MspInit)
    HAL_NVIC_SetPriority                     0x0800113d   Thumb Code    60  stm32l4xx_hal_cortex.o(i.HAL_NVIC_SetPriority)
    HAL_NVIC_SetPriorityGrouping             0x0800117d   Thumb Code    26  stm32l4xx_hal_cortex.o(i.HAL_NVIC_SetPriorityGrouping)
    HAL_PWREx_ControlVoltageScaling          0x080011a1   Thumb Code    90  stm32l4xx_hal_pwr_ex.o(i.HAL_PWREx_ControlVoltageScaling)
    HAL_PWREx_GetVoltageRange                0x08001209   Thumb Code    10  stm32l4xx_hal_pwr_ex.o(i.HAL_PWREx_GetVoltageRange)
    HAL_RCCEx_PeriphCLKConfig                0x08001219   Thumb Code   928  stm32l4xx_hal_rcc_ex.o(i.HAL_RCCEx_PeriphCLKConfig)
    HAL_RCC_ClockConfig                      0x080015c9   Thumb Code   266  stm32l4xx_hal_rcc.o(i.HAL_RCC_ClockConfig)
    HAL_RCC_GetPCLK1Freq                     0x080016e9   Thumb Code    24  stm32l4xx_hal_rcc.o(i.HAL_RCC_GetPCLK1Freq)
    HAL_RCC_GetPCLK2Freq                     0x0800170d   Thumb Code    24  stm32l4xx_hal_rcc.o(i.HAL_RCC_GetPCLK2Freq)
    HAL_RCC_GetSysClockFreq                  0x08001731   Thumb Code   150  stm32l4xx_hal_rcc.o(i.HAL_RCC_GetSysClockFreq)
    HAL_RCC_OscConfig                        0x080017d5   Thumb Code  1310  stm32l4xx_hal_rcc.o(i.HAL_RCC_OscConfig)
    HAL_SYSTICK_Config                       0x08001cfd   Thumb Code    40  stm32l4xx_hal_cortex.o(i.HAL_SYSTICK_Config)
    HAL_UART_Init                            0x08001d25   Thumb Code   102  stm32l4xx_hal_uart.o(i.HAL_UART_Init)
    HAL_UART_MspInit                         0x08001d8d   Thumb Code    90  stm32l4xx_hal_msp.o(i.HAL_UART_MspInit)
    HAL_UART_Transmit                        0x08001df1   Thumb Code   182  stm32l4xx_hal_uart.o(i.HAL_UART_Transmit)
    HardFault_Handler                        0x08001ea7   Thumb Code     2  stm32l4xx_it.o(i.HardFault_Handler)
    MemManage_Handler                        0x08002219   Thumb Code     2  stm32l4xx_it.o(i.MemManage_Handler)
    NMI_Handler                              0x0800221b   Thumb Code     2  stm32l4xx_it.o(i.NMI_Handler)
    PendSV_Handler                           0x0800221d   Thumb Code     2  stm32l4xx_it.o(i.PendSV_Handler)
    SSD1306_DrawPixel                        0x080024d1   Thumb Code    54  ssd1306.o(i.SSD1306_DrawPixel)
    SSD1306_Fill                             0x08002511   Thumb Code    18  ssd1306.o(i.SSD1306_Fill)
    SSD1306_GotoXY                           0x08002529   Thumb Code     8  ssd1306.o(i.SSD1306_GotoXY)
    SSD1306_Init                             0x08002535   Thumb Code   350  ssd1306.o(i.SSD1306_Init)
    SSD1306_Putc                             0x0800269d   Thumb Code   156  ssd1306.o(i.SSD1306_Putc)
    SSD1306_Puts                             0x0800273d   Thumb Code    40  ssd1306.o(i.SSD1306_Puts)
    SSD1306_UpdateScreen                     0x08002765   Thumb Code    66  ssd1306.o(i.SSD1306_UpdateScreen)
    SVC_Handler                              0x080027ad   Thumb Code     2  stm32l4xx_it.o(i.SVC_Handler)
    SysTick_Handler                          0x080027af   Thumb Code     4  stm32l4xx_it.o(i.SysTick_Handler)
    SystemClock_Config                       0x080027b3   Thumb Code   142  main.o(i.SystemClock_Config)
    SystemInit                               0x08002841   Thumb Code    56  system_stm32l4xx.o(i.SystemInit)
    UART_AdvFeatureConfig                    0x08002885   Thumb Code   200  stm32l4xx_hal_uart.o(i.UART_AdvFeatureConfig)
    UART_CheckIdleState                      0x0800294d   Thumb Code    88  stm32l4xx_hal_uart.o(i.UART_CheckIdleState)
    UART_SetConfig                           0x080029a5   Thumb Code   548  stm32l4xx_hal_uart.o(i.UART_SetConfig)
    UART_WaitOnFlagUntilTimeout              0x08002bf1   Thumb Code   164  stm32l4xx_hal_uart.o(i.UART_WaitOnFlagUntilTimeout)
    UsageFault_Handler                       0x08002c95   Thumb Code     2  stm32l4xx_it.o(i.UsageFault_Handler)
    __0sprintf                               0x08002c99   Thumb Code    34  printfa.o(i.__0sprintf)
    __1sprintf                               0x08002c99   Thumb Code     0  printfa.o(i.__0sprintf)
    __2sprintf                               0x08002c99   Thumb Code     0  printfa.o(i.__0sprintf)
    __c89sprintf                             0x08002c99   Thumb Code     0  printfa.o(i.__0sprintf)
    sprintf                                  0x08002c99   Thumb Code     0  printfa.o(i.__0sprintf)
    __scatterload_copy                       0x08002ce1   Thumb Code    14  handlers.o(i.__scatterload_copy)
    __scatterload_null                       0x08002cef   Thumb Code     2  handlers.o(i.__scatterload_null)
    __scatterload_zeroinit                   0x08002cf1   Thumb Code    14  handlers.o(i.__scatterload_zeroinit)
    configureOLEDDisplay                     0x080035a5   Thumb Code   246  main.o(i.configureOLEDDisplay)
    dcRemoval                                0x080036a1   Thumb Code    10  main.o(i.dcRemoval)
    detectPulse                              0x080036ad   Thumb Code   246  main.o(i.detectPulse)
    free                                     0x080037e5   Thumb Code    76  malloc.o(i.free)
    main                                     0x08003835   Thumb Code  1658  main.o(i.main)
    malloc                                   0x08003f55   Thumb Code    92  malloc.o(i.malloc)
    max30102_clear_fifo                      0x08003fc1   Thumb Code    48  max30102_for_stm32_hal.o(i.max30102_clear_fifo)
    max30102_init                            0x08003ff1   Thumb Code    34  max30102_for_stm32_hal.o(i.max30102_init)
    max30102_read                            0x08004013   Thumb Code    50  max30102_for_stm32_hal.o(i.max30102_read)
    max30102_read_fifo                       0x08004045   Thumb Code   134  max30102_for_stm32_hal.o(i.max30102_read_fifo)
    max30102_reset                           0x080040cb   Thumb Code    20  max30102_for_stm32_hal.o(i.max30102_reset)
    max30102_write                           0x080040df   Thumb Code    68  max30102_for_stm32_hal.o(i.max30102_write)
    meanDiff                                 0x08004123   Thumb Code    96  main.o(i.meanDiff)
    ssd1306_I2C_Init                         0x08004185   Thumb Code     8  ssd1306.o(i.ssd1306_I2C_Init)
    ssd1306_I2C_Write                        0x08004191   Thumb Code    28  ssd1306.o(i.ssd1306_I2C_Write)
    ssd1306_I2C_WriteMulti                   0x080041b1   Thumb Code    50  ssd1306.o(i.ssd1306_I2C_WriteMulti)
    Font7x10                                 0x080041e8   Data        1900  fonts.o(.constdata)
    AHBPrescTable                            0x08004954   Data          16  system_stm32l4xx.o(.constdata)
    MSIRangeTable                            0x08004964   Data          48  system_stm32l4xx.o(.constdata)
    APBPrescTable                            0x08004994   Data           8  system_stm32l4xx.o(.constdata)
    Region$$Table$$Base                      0x0800499c   Number         0  anon$$obj.o(Region$$Table)
    Region$$Table$$Limit                     0x080049bc   Number         0  anon$$obj.o(Region$$Table)
    currentPulseDetectorState                0x20000000   Data           1  main.o(.data)
    I2C_Status                               0x20000002   Data           1  main.o(.data)
    X_AXIS                                   0x20000004   Data           2  main.o(.data)
    Y_AXIS                                   0x20000006   Data           2  main.o(.data)
    Z_AXIS                                   0x20000008   Data           2  main.o(.data)
    X_OUTPUT                                 0x2000000c   Data           4  main.o(.data)
    Y_OUTPUT                                 0x20000010   Data           4  main.o(.data)
    Z_OUTPUT                                 0x20000014   Data           4  main.o(.data)
    steps                                    0x20000018   Data           4  main.o(.data)
    counter                                  0x2000001c   Data           4  main.o(.data)
    lastBeatThreshold                        0x20000020   Data           4  main.o(.data)
    time                                     0x20000024   Data           4  main.o(.data)
    dcFilterIR                               0x20000034   Data           8  main.o(.data)
    Font_7x10                                0x20000044   Data           8  fonts.o(.data)
    uwTickFreq                               0x2000004c   Data           1  stm32l4xx_hal.o(.data)
    uwTickPrio                               0x20000050   Data           4  stm32l4xx_hal.o(.data)
    uwTick                                   0x20000054   Data           4  stm32l4xx_hal.o(.data)
    SystemCoreClock                          0x20000058   Data           4  system_stm32l4xx.o(.data)
    __microlib_freelist                      0x2000005c   Data           4  mvars.o(.data)
    __microlib_freelist_initialised          0x20000060   Data           4  mvars.o(.data)
    buf                                      0x20000064   Data         100  main.o(.bss)
    data                                     0x200000c8   Data         500  main.o(.bss)
    medianFilterIR                           0x200002bc   Data          52  main.o(.bss)
    hi2c1                                    0x200002f0   Data          76  main.o(.bss)
    huart2                                   0x2000033c   Data         128  main.o(.bss)
    max30102                                 0x200003bc   Data         264  main.o(.bss)
    __heap_base                              0x200008c8   Data           0  startup_stm32l476xx.o(HEAP)
    __heap_limit                             0x20000ac8   Data           0  startup_stm32l476xx.o(HEAP)
    __initial_sp                             0x20000ec8   Data           0  startup_stm32l476xx.o(STACK)



==============================================================================

Memory Map of the image

  Image Entry point : 0x08000189

  Load Region LR_IROM1 (Base: 0x08000000, Size: 0x00004a20, Max: 0x00100000, ABSOLUTE)

    Execution Region ER_IROM1 (Exec base: 0x08000000, Load base: 0x08000000, Size: 0x000049bc, Max: 0x00100000, ABSOLUTE)

    Exec Addr    Load Addr    Size         Type   Attr      Idx    E Section Name        Object

    0x08000000   0x08000000   0x00000188   Data   RO            3    RESET               startup_stm32l476xx.o
    0x08000188   0x08000188   0x00000000   Code   RO         3292  * .ARM.Collect$$$$00000000  mc_w.l(entry.o)
    0x08000188   0x08000188   0x00000004   Code   RO         3612    .ARM.Collect$$$$00000001  mc_w.l(entry2.o)
    0x0800018c   0x0800018c   0x00000004   Code   RO         3615    .ARM.Collect$$$$00000004  mc_w.l(entry5.o)
    0x08000190   0x08000190   0x00000000   Code   RO         3617    .ARM.Collect$$$$00000008  mc_w.l(entry7b.o)
    0x08000190   0x08000190   0x00000000   Code   RO         3619    .ARM.Collect$$$$0000000A  mc_w.l(entry8b.o)
    0x08000190   0x08000190   0x00000008   Code   RO         3620    .ARM.Collect$$$$0000000B  mc_w.l(entry9a.o)
    0x08000198   0x08000198   0x00000004   Code   RO         3627    .ARM.Collect$$$$0000000E  mc_w.l(entry12b.o)
    0x0800019c   0x0800019c   0x00000000   Code   RO         3622    .ARM.Collect$$$$0000000F  mc_w.l(entry10a.o)
    0x0800019c   0x0800019c   0x00000000   Code   RO         3624    .ARM.Collect$$$$00000011  mc_w.l(entry11a.o)
    0x0800019c   0x0800019c   0x00000004   Code   RO         3613    .ARM.Collect$$$$00002712  mc_w.l(entry2.o)
    0x080001a0   0x080001a0   0x00000024   Code   RO            4    .text               startup_stm32l476xx.o
    0x080001c4   0x080001c4   0x00000068   Code   RO         3295    .text               mc_w.l(uldiv.o)
    0x0800022c   0x0800022c   0x00000024   Code   RO         3297    .text               mc_w.l(memcpya.o)
    0x08000250   0x08000250   0x00000024   Code   RO         3299    .text               mc_w.l(memseta.o)
    0x08000274   0x08000274   0x0000000e   Code   RO         3301    .text               mc_w.l(strlen.o)
    0x08000282   0x08000282   0x00000012   Code   RO         3303    .text               mc_w.l(strcpy.o)
    0x08000294   0x08000294   0x0000015e   Code   RO         3596    .text               mf_w.l(dadd.o)
    0x080003f2   0x080003f2   0x000000ea   Code   RO         3598    .text               mf_w.l(dmul.o)
    0x080004dc   0x080004dc   0x000000de   Code   RO         3600    .text               mf_w.l(ddiv.o)
    0x080005ba   0x080005ba   0x00000022   Code   RO         3602    .text               mf_w.l(dflti.o)
    0x080005dc   0x080005dc   0x0000001a   Code   RO         3604    .text               mf_w.l(dfltui.o)
    0x080005f6   0x080005f6   0x00000026   Code   RO         3608    .text               mf_w.l(f2d.o)
    0x0800061c   0x0800061c   0x00000038   Code   RO         3610    .text               mf_w.l(d2f.o)
    0x08000654   0x08000654   0x0000002c   Code   RO         3631    .text               mc_w.l(uidiv.o)
    0x08000680   0x08000680   0x0000001e   Code   RO         3633    .text               mc_w.l(llshl.o)
    0x0800069e   0x0800069e   0x00000020   Code   RO         3635    .text               mc_w.l(llushr.o)
    0x080006be   0x080006be   0x00000024   Code   RO         3637    .text               mc_w.l(llsshr.o)
    0x080006e2   0x080006e2   0x00000000   Code   RO         3641    .text               mc_w.l(iusefp.o)
    0x080006e2   0x080006e2   0x0000006e   Code   RO         3642    .text               mf_w.l(fepilogue.o)
    0x08000750   0x08000750   0x000000ba   Code   RO         3644    .text               mf_w.l(depilogue.o)
    0x0800080a   0x0800080a   0x00000030   Code   RO         3646    .text               mf_w.l(dfixul.o)
    0x0800083a   0x0800083a   0x00000002   PAD
    0x0800083c   0x0800083c   0x00000030   Code   RO         3648    .text               mf_w.l(cdrcmple.o)
    0x0800086c   0x0800086c   0x00000024   Code   RO         3650    .text               mc_w.l(init.o)
    0x08000890   0x08000890   0x00000002   Code   RO          243    i.BusFault_Handler  stm32l4xx_it.o
    0x08000892   0x08000892   0x00000002   Code   RO          244    i.DebugMon_Handler  stm32l4xx_it.o
    0x08000894   0x08000894   0x00000024   Code   RO         1342    i.HAL_Delay         stm32l4xx_hal.o
    0x080008b8   0x080008b8   0x00000266   Code   RO         2032    i.HAL_GPIO_Init     stm32l4xx_hal_gpio.o
    0x08000b1e   0x08000b1e   0x00000010   Code   RO         2035    i.HAL_GPIO_TogglePin  stm32l4xx_hal_gpio.o
    0x08000b2e   0x08000b2e   0x0000000a   Code   RO         2036    i.HAL_GPIO_WritePin  stm32l4xx_hal_gpio.o
    0x08000b38   0x08000b38   0x0000000c   Code   RO         1346    i.HAL_GetTick       stm32l4xx_hal.o
    0x08000b44   0x08000b44   0x00000056   Code   RO         1281    i.HAL_I2CEx_ConfigAnalogFilter  stm32l4xx_hal_i2c_ex.o
    0x08000b9a   0x08000b9a   0x00000052   Code   RO         1282    i.HAL_I2CEx_ConfigDigitalFilter  stm32l4xx_hal_i2c_ex.o
    0x08000bec   0x08000bec   0x000000b8   Code   RO          830    i.HAL_I2C_Init      stm32l4xx_hal_i2c.o
    0x08000ca4   0x08000ca4   0x0000012a   Code   RO          831    i.HAL_I2C_IsDeviceReady  stm32l4xx_hal_i2c.o
    0x08000dce   0x08000dce   0x00000002   PAD
    0x08000dd0   0x08000dd0   0x0000012a   Code   RO          836    i.HAL_I2C_Master_Receive  stm32l4xx_hal_i2c.o
    0x08000efa   0x08000efa   0x00000002   PAD
    0x08000efc   0x08000efc   0x0000012a   Code   RO          843    i.HAL_I2C_Master_Transmit  stm32l4xx_hal_i2c.o
    0x08001026   0x08001026   0x00000002   PAD
    0x08001028   0x08001028   0x00000068   Code   RO          319    i.HAL_I2C_MspInit   stm32l4xx_hal_msp.o
    0x08001090   0x08001090   0x00000010   Code   RO         1352    i.HAL_IncTick       stm32l4xx_hal.o
    0x080010a0   0x080010a0   0x0000002c   Code   RO         1353    i.HAL_Init          stm32l4xx_hal.o
    0x080010cc   0x080010cc   0x00000044   Code   RO         1354    i.HAL_InitTick      stm32l4xx_hal.o
    0x08001110   0x08001110   0x0000002c   Code   RO          320    i.HAL_MspInit       stm32l4xx_hal_msp.o
    0x0800113c   0x0800113c   0x00000040   Code   RO         2585    i.HAL_NVIC_SetPriority  stm32l4xx_hal_cortex.o
    0x0800117c   0x0800117c   0x00000024   Code   RO         2586    i.HAL_NVIC_SetPriorityGrouping  stm32l4xx_hal_cortex.o
    0x080011a0   0x080011a0   0x00000068   Code   RO         2323    i.HAL_PWREx_ControlVoltageScaling  stm32l4xx_hal_pwr_ex.o
    0x08001208   0x08001208   0x00000010   Code   RO         2354    i.HAL_PWREx_GetVoltageRange  stm32l4xx_hal_pwr_ex.o
    0x08001218   0x08001218   0x000003ae   Code   RO         1685    i.HAL_RCCEx_PeriphCLKConfig  stm32l4xx_hal_rcc_ex.o
    0x080015c6   0x080015c6   0x00000002   PAD
    0x080015c8   0x080015c8   0x00000120   Code   RO         1570    i.HAL_RCC_ClockConfig  stm32l4xx_hal_rcc.o
    0x080016e8   0x080016e8   0x00000024   Code   RO         1576    i.HAL_RCC_GetPCLK1Freq  stm32l4xx_hal_rcc.o
    0x0800170c   0x0800170c   0x00000024   Code   RO         1577    i.HAL_RCC_GetPCLK2Freq  stm32l4xx_hal_rcc.o
    0x08001730   0x08001730   0x000000a4   Code   RO         1578    i.HAL_RCC_GetSysClockFreq  stm32l4xx_hal_rcc.o
    0x080017d4   0x080017d4   0x00000528   Code   RO         1581    i.HAL_RCC_OscConfig  stm32l4xx_hal_rcc.o
    0x08001cfc   0x08001cfc   0x00000028   Code   RO         2590    i.HAL_SYSTICK_Config  stm32l4xx_hal_cortex.o
    0x08001d24   0x08001d24   0x00000066   Code   RO         2845    i.HAL_UART_Init     stm32l4xx_hal_uart.o
    0x08001d8a   0x08001d8a   0x00000002   PAD
    0x08001d8c   0x08001d8c   0x00000064   Code   RO          322    i.HAL_UART_MspInit  stm32l4xx_hal_msp.o
    0x08001df0   0x08001df0   0x000000b6   Code   RO         2854    i.HAL_UART_Transmit  stm32l4xx_hal_uart.o
    0x08001ea6   0x08001ea6   0x00000002   Code   RO          245    i.HardFault_Handler  stm32l4xx_it.o
    0x08001ea8   0x08001ea8   0x00000022   Code   RO          877    i.I2C_Flush_TXDR    stm32l4xx_hal_i2c.o
    0x08001eca   0x08001eca   0x00000002   PAD
    0x08001ecc   0x08001ecc   0x00000084   Code   RO          885    i.I2C_IsAcknowledgeFailed  stm32l4xx_hal_i2c.o
    0x08001f50   0x08001f50   0x0000002c   Code   RO          892    i.I2C_TransferConfig  stm32l4xx_hal_i2c.o
    0x08001f7c   0x08001f7c   0x00000058   Code   RO          894    i.I2C_WaitOnFlagUntilTimeout  stm32l4xx_hal_i2c.o
    0x08001fd4   0x08001fd4   0x00000084   Code   RO          895    i.I2C_WaitOnRXNEFlagUntilTimeout  stm32l4xx_hal_i2c.o
    0x08002058   0x08002058   0x0000004c   Code   RO          896    i.I2C_WaitOnSTOPFlagUntilTimeout  stm32l4xx_hal_i2c.o
    0x080020a4   0x080020a4   0x00000050   Code   RO          897    i.I2C_WaitOnTXISFlagUntilTimeout  stm32l4xx_hal_i2c.o
    0x080020f4   0x080020f4   0x00000098   Code   RO           14    i.MX_GPIO_Init      main.o
    0x0800218c   0x0800218c   0x00000054   Code   RO           15    i.MX_I2C1_Init      main.o
    0x080021e0   0x080021e0   0x00000038   Code   RO           16    i.MX_USART2_UART_Init  main.o
    0x08002218   0x08002218   0x00000002   Code   RO          246    i.MemManage_Handler  stm32l4xx_it.o
    0x0800221a   0x0800221a   0x00000002   Code   RO          247    i.NMI_Handler       stm32l4xx_it.o
    0x0800221c   0x0800221c   0x00000002   Code   RO          248    i.PendSV_Handler    stm32l4xx_it.o
    0x0800221e   0x0800221e   0x00000002   PAD
    0x08002220   0x08002220   0x0000012c   Code   RO         1689    i.RCCEx_PLLSAI1_Config  stm32l4xx_hal_rcc_ex.o
    0x0800234c   0x0800234c   0x00000108   Code   RO         1690    i.RCCEx_PLLSAI2_Config  stm32l4xx_hal_rcc_ex.o
    0x08002454   0x08002454   0x0000007c   Code   RO         1582    i.RCC_SetFlashLatencyFromMSIRange  stm32l4xx_hal_rcc.o
    0x080024d0   0x080024d0   0x00000040   Code   RO          550    i.SSD1306_DrawPixel  ssd1306.o
    0x08002510   0x08002510   0x00000018   Code   RO          553    i.SSD1306_Fill      ssd1306.o
    0x08002528   0x08002528   0x0000000c   Code   RO          554    i.SSD1306_GotoXY    ssd1306.o
    0x08002534   0x08002534   0x00000168   Code   RO          555    i.SSD1306_Init      ssd1306.o
    0x0800269c   0x0800269c   0x000000a0   Code   RO          559    i.SSD1306_Putc      ssd1306.o
    0x0800273c   0x0800273c   0x00000028   Code   RO          560    i.SSD1306_Puts      ssd1306.o
    0x08002764   0x08002764   0x00000048   Code   RO          567    i.SSD1306_UpdateScreen  ssd1306.o
    0x080027ac   0x080027ac   0x00000002   Code   RO          249    i.SVC_Handler       stm32l4xx_it.o
    0x080027ae   0x080027ae   0x00000004   Code   RO          250    i.SysTick_Handler   stm32l4xx_it.o
    0x080027b2   0x080027b2   0x0000008e   Code   RO           17    i.SystemClock_Config  main.o
    0x08002840   0x08002840   0x00000044   Code   RO         3258    i.SystemInit        system_stm32l4xx.o
    0x08002884   0x08002884   0x000000c8   Code   RO         2859    i.UART_AdvFeatureConfig  stm32l4xx_hal_uart.o
    0x0800294c   0x0800294c   0x00000058   Code   RO         2860    i.UART_CheckIdleState  stm32l4xx_hal_uart.o
    0x080029a4   0x080029a4   0x0000024c   Code   RO         2875    i.UART_SetConfig    stm32l4xx_hal_uart.o
    0x08002bf0   0x08002bf0   0x000000a4   Code   RO         2878    i.UART_WaitOnFlagUntilTimeout  stm32l4xx_hal_uart.o
    0x08002c94   0x08002c94   0x00000002   Code   RO          251    i.UsageFault_Handler  stm32l4xx_it.o
    0x08002c96   0x08002c96   0x00000002   PAD
    0x08002c98   0x08002c98   0x00000028   Code   RO         3542    i.__0sprintf        mc_w.l(printfa.o)
    0x08002cc0   0x08002cc0   0x00000020   Code   RO         2592    i.__NVIC_SetPriority  stm32l4xx_hal_cortex.o
    0x08002ce0   0x08002ce0   0x0000000e   Code   RO         3656    i.__scatterload_copy  mc_w.l(handlers.o)
    0x08002cee   0x08002cee   0x00000002   Code   RO         3657    i.__scatterload_null  mc_w.l(handlers.o)
    0x08002cf0   0x08002cf0   0x0000000e   Code   RO         3658    i.__scatterload_zeroinit  mc_w.l(handlers.o)
    0x08002cfe   0x08002cfe   0x00000002   PAD
    0x08002d00   0x08002d00   0x0000018a   Code   RO         3547    i._fp_digits        mc_w.l(printfa.o)
    0x08002e8a   0x08002e8a   0x00000002   PAD
    0x08002e8c   0x08002e8c   0x000006ba   Code   RO         3548    i._printf_core      mc_w.l(printfa.o)
    0x08003546   0x08003546   0x00000024   Code   RO         3549    i._printf_post_padding  mc_w.l(printfa.o)
    0x0800356a   0x0800356a   0x0000002e   Code   RO         3550    i._printf_pre_padding  mc_w.l(printfa.o)
    0x08003598   0x08003598   0x0000000a   Code   RO         3552    i._sputc            mc_w.l(printfa.o)
    0x080035a2   0x080035a2   0x00000002   PAD
    0x080035a4   0x080035a4   0x000000fc   Code   RO           19    i.configureOLEDDisplay  main.o
    0x080036a0   0x080036a0   0x0000000a   Code   RO           20    i.dcRemoval         main.o
    0x080036aa   0x080036aa   0x00000002   PAD
    0x080036ac   0x080036ac   0x00000138   Code   RO           21    i.detectPulse       main.o
    0x080037e4   0x080037e4   0x00000050   Code   RO         3568    i.free              mc_w.l(malloc.o)
    0x08003834   0x08003834   0x00000720   Code   RO           22    i.main              main.o
    0x08003f54   0x08003f54   0x0000006c   Code   RO         3569    i.malloc            mc_w.l(malloc.o)
    0x08003fc0   0x08003fc0   0x00000030   Code   RO          366    i.max30102_clear_fifo  max30102_for_stm32_hal.o
    0x08003ff0   0x08003ff0   0x00000022   Code   RO          368    i.max30102_init     max30102_for_stm32_hal.o
    0x08004012   0x08004012   0x00000032   Code   RO          372    i.max30102_read     max30102_for_stm32_hal.o
    0x08004044   0x08004044   0x00000086   Code   RO          373    i.max30102_read_fifo  max30102_for_stm32_hal.o
    0x080040ca   0x080040ca   0x00000014   Code   RO          375    i.max30102_reset    max30102_for_stm32_hal.o
    0x080040de   0x080040de   0x00000044   Code   RO          391    i.max30102_write    max30102_for_stm32_hal.o
    0x08004122   0x08004122   0x00000060   Code   RO           23    i.meanDiff          main.o
    0x08004182   0x08004182   0x00000002   PAD
    0x08004184   0x08004184   0x0000000c   Code   RO          568    i.ssd1306_I2C_Init  ssd1306.o
    0x08004190   0x08004190   0x00000020   Code   RO          569    i.ssd1306_I2C_Write  ssd1306.o
    0x080041b0   0x080041b0   0x00000038   Code   RO          570    i.ssd1306_I2C_WriteMulti  ssd1306.o
    0x080041e8   0x080041e8   0x0000076c   Data   RO          731    .constdata          fonts.o
    0x08004954   0x08004954   0x00000040   Data   RO         3259    .constdata          system_stm32l4xx.o
    0x08004994   0x08004994   0x00000008   Data   RO         3260    .constdata          system_stm32l4xx.o
    0x0800499c   0x0800499c   0x00000020   Data   RO         3654    Region$$Table       anon$$obj.o


    Execution Region RW_IRAM2 (Exec base: 0x10000000, Load base: 0x08004a20, Size: 0x00000000, Max: 0x00008000, ABSOLUTE)

    **** No section assigned to this execution region ****


    Execution Region RW_IRAM1 (Exec base: 0x20000000, Load base: 0x080049bc, Size: 0x00000ec8, Max: 0x00018000, ABSOLUTE)

    Exec Addr    Load Addr    Size         Type   Attr      Idx    E Section Name        Object

    0x20000000   0x080049bc   0x0000003c   Data   RW           28    .data               main.o
    0x2000003c   0x080049f8   0x00000006   Data   RW          572    .data               ssd1306.o
    0x20000042   0x080049fe   0x00000002   PAD
    0x20000044   0x08004a00   0x00000008   Data   RW          734    .data               fonts.o
    0x2000004c   0x08004a08   0x0000000c   Data   RW         1370    .data               stm32l4xx_hal.o
    0x20000058   0x08004a14   0x00000004   Data   RW         3261    .data               system_stm32l4xx.o
    0x2000005c   0x08004a18   0x00000004   Data   RW         3639    .data               mc_w.l(mvars.o)
    0x20000060   0x08004a1c   0x00000004   Data   RW         3640    .data               mc_w.l(mvars.o)
    0x20000064        -       0x00000460   Zero   RW           27    .bss                main.o
    0x200004c4        -       0x00000400   Zero   RW          571    .bss                ssd1306.o
    0x200008c4   0x08004a20   0x00000004   PAD
    0x200008c8        -       0x00000200   Zero   RW            2    HEAP                startup_stm32l476xx.o
    0x20000ac8        -       0x00000400   Zero   RW            1    STACK               startup_stm32l476xx.o


==============================================================================

Image component sizes


      Code (inc. data)   RO Data    RW Data    ZI Data      Debug   Object Name

         0          0       1900          8          0       1175   fonts.o
      2928        584          0         60       1120     810717   main.o
       354          0          0          0          0       7190   max30102_for_stm32_hal.o
       832         54          0          6       1024       7542   ssd1306.o
        36          8        392          0       1536        856   startup_stm32l476xx.o
       176         28          0         12          0      14549   stm32l4xx_hal.o
       172         14          0          0          0      33234   stm32l4xx_hal_cortex.o
       640         38          0          0          0       3401   stm32l4xx_hal_gpio.o
      1664         48          0          0          0      12214   stm32l4xx_hal_i2c.o
       168          0          0          0          0       1971   stm32l4xx_hal_i2c_ex.o
       248         30          0          0          0       2383   stm32l4xx_hal_msp.o
       120         20          0          0          0       1402   stm32l4xx_hal_pwr_ex.o
      1968         98          0          0          0       7048   stm32l4xx_hal_rcc.o
      1506         44          0          0          0       4132   stm32l4xx_hal_rcc_ex.o
      1324         60          0          0          0       6505   stm32l4xx_hal_uart.o
        20          0          0          0          0       4334   stm32l4xx_it.o
        68         12         72          4          0       1293   system_stm32l4xx.o

    ----------------------------------------------------------------------
     12244       1038       2396         92       3684     919946   Object Totals
         0          0         32          0          0          0   (incl. Generated)
        20          0          0          2          4          0   (incl. Padding)

    ----------------------------------------------------------------------

      Code (inc. data)   RO Data    RW Data    ZI Data      Debug   Library Member Name

         0          0          0          0          0          0   entry.o
         0          0          0          0          0          0   entry10a.o
         0          0          0          0          0          0   entry11a.o
         4          0          0          0          0          0   entry12b.o
         8          4          0          0          0          0   entry2.o
         4          0          0          0          0          0   entry5.o
         0          0          0          0          0          0   entry7b.o
         0          0          0          0          0          0   entry8b.o
         8          4          0          0          0          0   entry9a.o
        30          0          0          0          0          0   handlers.o
        36          8          0          0          0         68   init.o
         0          0          0          0          0          0   iusefp.o
        30          0          0          0          0         68   llshl.o
        36          0          0          0          0         68   llsshr.o
        32          0          0          0          0         68   llushr.o
       188         20          0          0          0        160   malloc.o
        36          0          0          0          0         68   memcpya.o
        36          0          0          0          0        108   memseta.o
         0          0          0          8          0          0   mvars.o
      2248         86          0          0          0        532   printfa.o
        18          0          0          0          0         68   strcpy.o
        14          0          0          0          0         68   strlen.o
        44          0          0          0          0         80   uidiv.o
       104          0          0          0          0         92   uldiv.o
        48          0          0          0          0         68   cdrcmple.o
        56          0          0          0          0         88   d2f.o
       350          0          0          0          0        148   dadd.o
       222          0          0          0          0        100   ddiv.o
       186          0          0          0          0        176   depilogue.o
        48          0          0          0          0         68   dfixul.o
        34          0          0          0          0         76   dflti.o
        26          0          0          0          0         76   dfltui.o
       234          0          0          0          0         96   dmul.o
        38          0          0          0          0         68   f2d.o
       110          0          0          0          0        168   fepilogue.o

    ----------------------------------------------------------------------
      4236        122          0          8          0       2580   Library Totals
         8          0          0          0          0          0   (incl. Padding)

    ----------------------------------------------------------------------

      Code (inc. data)   RO Data    RW Data    ZI Data      Debug   Library Name

      2876        122          0          8          0       1448   mc_w.l
      1352          0          0          0          0       1132   mf_w.l

    ----------------------------------------------------------------------
      4236        122          0          8          0       2580   Library Totals

    ----------------------------------------------------------------------

==============================================================================


      Code (inc. data)   RO Data    RW Data    ZI Data      Debug   

     16480       1160       2396        100       3684     914278   Grand Totals
     16480       1160       2396        100       3684     914278   ELF Image Totals
     16480       1160       2396        100          0          0   ROM Totals

==============================================================================

    Total RO  Size (Code + RO Data)                18876 (  18.43kB)
    Total RW  Size (RW Data + ZI Data)              3784 (   3.70kB)
    Total ROM Size (Code + RO Data + RW Data)      18976 (  18.53kB)

==============================================================================

